Archive member included to satisfy reference by file (symbol)

C:\Projects\Radar\A111\STM32F401\stm32cm_cut\rss\lib\libacconeer.a(acc_rss.o)
                              Core/Src/example_service_power_bins.o (acc_rss_activate)
C:\Projects\Radar\A111\STM32F401\stm32cm_cut\rss\lib\libacconeer.a(acc_service.o)
                              Core/Src/example_service_power_bins.o (acc_service_get_base_configuration)
C:\Projects\Radar\A111\STM32F401\stm32cm_cut\rss\lib\libacconeer.a(acc_service_manager.o)
                              C:\Projects\Radar\A111\STM32F401\stm32cm_cut\rss\lib\libacconeer.a(acc_rss.o) (acc_service_manager_activate)
C:\Projects\Radar\A111\STM32F401\stm32cm_cut\rss\lib\libacconeer.a(acc_service_power_bins.o)
                              Core/Src/example_service_power_bins.o (acc_service_power_bins_configuration_create)
C:\Projects\Radar\A111\STM32F401\stm32cm_cut\rss\lib\libacconeer.a(acc_session_manager.o)
                              C:\Projects\Radar\A111\STM32F401\stm32cm_cut\rss\lib\libacconeer.a(acc_rss.o) (acc_session_manager_activate)
C:\Projects\Radar\A111\STM32F401\stm32cm_cut\rss\lib\libacconeer.a(acc_session_sweep_and_processing.o)
                              C:\Projects\Radar\A111\STM32F401\stm32cm_cut\rss\lib\libacconeer.a(acc_service.o) (acc_session_sweep_and_processing_run)
C:\Projects\Radar\A111\STM32F401\stm32cm_cut\rss\lib\libacconeer.a(acc_sensor_manager.o)
                              C:\Projects\Radar\A111\STM32F401\stm32cm_cut\rss\lib\libacconeer.a(acc_rss.o) (acc_sensor_manager_activate)
C:\Projects\Radar\A111\STM32F401\stm32cm_cut\rss\lib\libacconeer.a(acc_sweep_manager.o)
                              C:\Projects\Radar\A111\STM32F401\stm32cm_cut\rss\lib\libacconeer.a(acc_sensor_manager.o) (acc_sweep_manager_activate)
C:\Projects\Radar\A111\STM32F401\stm32cm_cut\rss\lib\libacconeer.a(acc_alg_basic_math.o)
                              C:\Projects\Radar\A111\STM32F401\stm32cm_cut\rss\lib\libacconeer.a(acc_sensor_manager.o) (acc_alg_basic_math_q3_12_complex_scalar_abs)
C:\Projects\Radar\A111\STM32F401\stm32cm_cut\rss\lib\libacconeer.a(acc_alg_biquad_q3_12_coeffs.o)
                              C:\Projects\Radar\A111\STM32F401\stm32cm_cut\rss\lib\libacconeer.a(acc_sensor_manager.o) (acc_alg_biquad_q3_12_lowpass_coeffs)
C:\Projects\Radar\A111\STM32F401\stm32cm_cut\rss\lib\libacconeer.a(acc_alg_biquad_q3_12_filtfilt.o)
                              C:\Projects\Radar\A111\STM32F401\stm32cm_cut\rss\lib\libacconeer.a(acc_sensor_manager.o) (acc_alg_biquad_q3_12_complex_direct_form_1_filtfilt)
C:\Projects\Radar\A111\STM32F401\stm32cm_cut\rss\lib\libacconeer.a(acc_alg_biquad_q3_12_gnu.o)
                              C:\Projects\Radar\A111\STM32F401\stm32cm_cut\rss\lib\libacconeer.a(acc_alg_biquad_q3_12_filtfilt.o) (acc_alg_biquad_q3_12_complex_direct_form_1_reverse)
C:\Projects\Radar\A111\STM32F401\stm32cm_cut\rss\lib\libacconeer.a(acc_alg_iq_demodulation.o)
                              C:\Projects\Radar\A111\STM32F401\stm32cm_cut\rss\lib\libacconeer.a(acc_sensor_manager.o) (acc_alg_iq_demodulation_q3_12)
C:\Projects\Radar\A111\STM32F401\stm32cm_cut\rss\lib\libacconeer.a(acc_base_configuration.o)
                              C:\Projects\Radar\A111\STM32F401\stm32cm_cut\rss\lib\libacconeer.a(acc_sensor_manager.o) (acc_base_configuration_sensor_get)
C:\Projects\Radar\A111\STM32F401\stm32cm_cut\rss\lib\libacconeer.a(acc_integration.o)
                              C:\Projects\Radar\A111\STM32F401\stm32cm_cut\rss\lib\libacconeer.a(acc_rss.o) (acc_integration_register)
C:\Projects\Radar\A111\STM32F401\stm32cm_cut\rss\lib\libacconeer.a(acc_log_rss.o)
                              C:\Projects\Radar\A111\STM32F401\stm32cm_cut\rss\lib\libacconeer.a(acc_rss.o) (acc_log_rss)
C:\Projects\Radar\A111\STM32F401\stm32cm_cut\rss\lib\libacconeer.a(acc_probes.o)
                              C:\Projects\Radar\A111\STM32F401\stm32cm_cut\rss\lib\libacconeer.a(acc_sweep_manager.o) (acc_probes_execute_uint16)
C:\Projects\Radar\A111\STM32F401\stm32cm_cut\rss\lib\libacconeer.a(acc_package_power_bins.o)
                              C:\Projects\Radar\A111\STM32F401\stm32cm_cut\rss\lib\libacconeer.a(acc_service_power_bins.o) (acc_package_power_bins_engine_create)
C:\Projects\Radar\A111\STM32F401\stm32cm_cut\rss\lib\libacconeer.a(acc_service_factory.o)
                              C:\Projects\Radar\A111\STM32F401\stm32cm_cut\rss\lib\libacconeer.a(acc_service_manager.o) (acc_service_factory_activate)
C:\Projects\Radar\A111\STM32F401\stm32cm_cut\rss\lib\libacconeer.a(acc_service_iq.o)
                              C:\Projects\Radar\A111\STM32F401\stm32cm_cut\rss\lib\libacconeer.a(acc_service_factory.o) (acc_service_iq_create)
C:\Projects\Radar\A111\STM32F401\stm32cm_cut\rss\lib\libacconeer.a(acc_service_sparse.o)
                              C:\Projects\Radar\A111\STM32F401\stm32cm_cut\rss\lib\libacconeer.a(acc_service_factory.o) (acc_service_sparse_create)
[...]
Memory Configuration

Name             Origin             Length             Attributes
RAM              0x0000000020000000 0x0000000000010000 xrw
FLASH            0x0000000008000000 0x0000000000020000 xr
*default*        0x0000000000000000 0xffffffffffffffff

Linker script and memory map

LOAD c:/st/stm32cubeide_1.1.0/stm32cubeide/plugins/com.st.stm32cube.ide.mcu.externaltools.gnu-tools-for-stm32.7-2018-q2-update.win32_1.0.0.201904181610/tools/bin/../lib/gcc/arm-none-eabi/7.3.1/thumb/v7e-m/fpv4-sp/hard/crti.o
LOAD c:/st/stm32cubeide_1.1.0/stm32cubeide/plugins/com.st.stm32cube.ide.mcu.externaltools.gnu-tools-for-stm32.7-2018-q2-update.win32_1.0.0.201904181610/tools/bin/../lib/gcc/arm-none-eabi/7.3.1/thumb/v7e-m/fpv4-sp/hard/crtbegin.o
LOAD c:/st/stm32cubeide_1.1.0/stm32cubeide/plugins/com.st.stm32cube.ide.mcu.externaltools.gnu-tools-for-stm32.7-2018-q2-update.win32_1.0.0.201904181610/tools/bin/../lib/gcc/arm-none-eabi/7.3.1/../../../../arm-none-eabi/lib/thumb/v7e-m/fpv4-sp/hard/crt0.o
LOAD Core/Src/acc_hal_integration_single_thread_stm32cube_sparkfun_a111.o
LOAD Core/Src/example_service_power_bins.o
LOAD Core/Src/main.o
LOAD Core/Src/stm32f4xx_hal_msp.o
LOAD Core/Src/stm32f4xx_it.o
LOAD Core/Src/syscalls.o
LOAD Core/Src/sysmem.o
LOAD Core/Src/system_stm32f4xx.o
LOAD Core/Startup/startup_stm32f401cbux.o
LOAD Drivers/STM32F4xx_HAL_Driver/Src/stm32f4xx_hal.o
LOAD Drivers/STM32F4xx_HAL_Driver/Src/stm32f4xx_hal_cortex.o
LOAD Drivers/STM32F4xx_HAL_Driver/Src/stm32f4xx_hal_dma.o
LOAD Drivers/STM32F4xx_HAL_Driver/Src/stm32f4xx_hal_dma_ex.o
LOAD Drivers/STM32F4xx_HAL_Driver/Src/stm32f4xx_hal_exti.o
LOAD Drivers/STM32F4xx_HAL_Driver/Src/stm32f4xx_hal_flash.o
LOAD Drivers/STM32F4xx_HAL_Driver/Src/stm32f4xx_hal_flash_ex.o
LOAD Drivers/STM32F4xx_HAL_Driver/Src/stm32f4xx_hal_flash_ramfunc.o
LOAD Drivers/STM32F4xx_HAL_Driver/Src/stm32f4xx_hal_gpio.o
LOAD Drivers/STM32F4xx_HAL_Driver/Src/stm32f4xx_hal_pwr.o
LOAD Drivers/STM32F4xx_HAL_Driver/Src/stm32f4xx_hal_pwr_ex.o
LOAD Drivers/STM32F4xx_HAL_Driver/Src/stm32f4xx_hal_rcc.o
LOAD Drivers/STM32F4xx_HAL_Driver/Src/stm32f4xx_hal_rcc_ex.o
LOAD Drivers/STM32F4xx_HAL_Driver/Src/stm32f4xx_hal_spi.o
LOAD Drivers/STM32F4xx_HAL_Driver/Src/stm32f4xx_hal_tim.o
LOAD Drivers/STM32F4xx_HAL_Driver/Src/stm32f4xx_hal_tim_ex.o
LOAD Drivers/STM32F4xx_HAL_Driver/Src/stm32f4xx_hal_uart.o
LOAD C:\Projects\Radar\A111\STM32F401\stm32cm_cut\rss\lib\libacconeer.a
START GROUP
LOAD c:/st/stm32cubeide_1.1.0/stm32cubeide/plugins/com.st.stm32cube.ide.mcu.externaltools.gnu-tools-for-stm32.7-2018-q2-update.win32_1.0.0.201904181610/tools/bin/../lib/gcc/arm-none-eabi/7.3.1/../../../../arm-none-eabi/lib/thumb/v7e-m/fpv4-sp/hard\libc_nano.a
LOAD c:/st/stm32cubeide_1.1.0/stm32cubeide/plugins/com.st.stm32cube.ide.mcu.externaltools.gnu-tools-for-stm32.7-2018-q2-update.win32_1.0.0.201904181610/tools/bin/../lib/gcc/arm-none-eabi/7.3.1/../../../../arm-none-eabi/lib/thumb/v7e-m/fpv4-sp/hard\libm.a
END GROUP
START GROUP
LOAD c:/st/stm32cubeide_1.1.0/stm32cubeide/plugins/com.st.stm32cube.ide.mcu.externaltools.gnu-tools-for-stm32.7-2018-q2-update.win32_1.0.0.201904181610/tools/bin/../lib/gcc/arm-none-eabi/7.3.1/thumb/v7e-m/fpv4-sp/hard\libgcc.a
LOAD c:/st/stm32cubeide_1.1.0/stm32cubeide/plugins/com.st.stm32cube.ide.mcu.externaltools.gnu-tools-for-stm32.7-2018-q2-update.win32_1.0.0.201904181610/tools/bin/../lib/gcc/arm-none-eabi/7.3.1/../../../../arm-none-eabi/lib/thumb/v7e-m/fpv4-sp/hard\libc_nano.a
END GROUP
START GROUP
LOAD c:/st/stm32cubeide_1.1.0/stm32cubeide/plugins/com.st.stm32cube.ide.mcu.externaltools.gnu-tools-for-stm32.7-2018-q2-update.win32_1.0.0.201904181610/tools/bin/../lib/gcc/arm-none-eabi/7.3.1/thumb/v7e-m/fpv4-sp/hard\libgcc.a
LOAD c:/st/stm32cubeide_1.1.0/stm32cubeide/plugins/com.st.stm32cube.ide.mcu.externaltools.gnu-tools-for-stm32.7-2018-q2-update.win32_1.0.0.201904181610/tools/bin/../lib/gcc/arm-none-eabi/7.3.1/../../../../arm-none-eabi/lib/thumb/v7e-m/fpv4-sp/hard\libc_nano.a
LOAD c:/st/stm32cubeide_1.1.0/stm32cubeide/plugins/com.st.stm32cube.ide.mcu.externaltools.gnu-tools-for-stm32.7-2018-q2-update.win32_1.0.0.201904181610/tools/bin/../lib/gcc/arm-none-eabi/7.3.1/../../../../arm-none-eabi/lib/thumb/v7e-m/fpv4-sp/hard\libnosys.a
END GROUP
START GROUP
LOAD c:/st/stm32cubeide_1.1.0/stm32cubeide/plugins/com.st.stm32cube.ide.mcu.externaltools.gnu-tools-for-stm32.7-2018-q2-update.win32_1.0.0.201904181610/tools/bin/../lib/gcc/arm-none-eabi/7.3.1/thumb/v7e-m/fpv4-sp/hard\libgcc.a
LOAD c:/st/stm32cubeide_1.1.0/stm32cubeide/plugins/com.st.stm32cube.ide.mcu.externaltools.gnu-tools-for-stm32.7-2018-q2-update.win32_1.0.0.201904181610/tools/bin/../lib/gcc/arm-none-eabi/7.3.1/../../../../arm-none-eabi/lib/thumb/v7e-m/fpv4-sp/hard\libc_nano.a
LOAD c:/st/stm32cubeide_1.1.0/stm32cubeide/plugins/com.st.stm32cube.ide.mcu.externaltools.gnu-tools-for-stm32.7-2018-q2-update.win32_1.0.0.201904181610/tools/bin/../lib/gcc/arm-none-eabi/7.3.1/../../../../arm-none-eabi/lib/thumb/v7e-m/fpv4-sp/hard\libnosys.a
END GROUP
LOAD c:/st/stm32cubeide_1.1.0/stm32cubeide/plugins/com.st.stm32cube.ide.mcu.externaltools.gnu-tools-for-stm32.7-2018-q2-update.win32_1.0.0.201904181610/tools/bin/../lib/gcc/arm-none-eabi/7.3.1/thumb/v7e-m/fpv4-sp/hard/crtend.o
LOAD c:/st/stm32cubeide_1.1.0/stm32cubeide/plugins/com.st.stm32cube.ide.mcu.externaltools.gnu-tools-for-stm32.7-2018-q2-update.win32_1.0.0.201904181610/tools/bin/../lib/gcc/arm-none-eabi/7.3.1/thumb/v7e-m/fpv4-sp/hard/crtn.o
                0x0000000020010000                _estack = (ORIGIN (RAM) + LENGTH (RAM))
                0x0000000000000200                _Min_Heap_Size = 0x200
                0x0000000000000400                _Min_Stack_Size = 0x400

.isr_vector     0x0000000008000000      0x194
                0x0000000008000000                . = ALIGN (0x4)
 *(.isr_vector)
 .isr_vector    0x0000000008000000      0x194 Core/Startup/startup_stm32f401cbux.o
                0x0000000008000000                g_pfnVectors
                0x0000000008000194                . = ALIGN (0x4)

.text           0x00000000080001a0     0xc444
                0x00000000080001a0                . = ALIGN (0x4)
 *(.text)
 .text          0x00000000080001a0       0x40 c:/st/stm32cubeide_1.1.0/stm32cubeide/plugins/com.st.stm32cube.ide.mcu.externaltools.gnu-tools-for-stm32.7-2018-q2-update.win32_1.0.0.201904181610/tools/bin/../lib/gcc/arm-none-eabi/7.3.1/thumb/v7e-m/fpv4-sp/hard/crtbegin.o
 .text          0x00000000080001e0       0xe4 C:\Projects\Radar\A111\STM32F401\stm32cm_cut\rss\lib\libacconeer.a(acc_alg_biquad_q3_12_gnu.o)
                0x00000000080001e0                acc_alg_biquad_q3_12_complex_direct_form_1_reverse
                0x00000000080001e8                acc_alg_biquad_q3_12_complex_direct_form_1
                0x0000000008000264                acc_alg_biquad_q3_12_direct_form_1_reverse
                0x000000000800026c                acc_alg_biquad_q3_12_direct_form_1
 .text          0x00000000080002c4       0x10 c:/st/stm32cubeide_1.1.0/stm32cubeide/plugins/com.st.stm32cube.ide.mcu.externaltools.gnu-tools-for-stm32.7-2018-q2-update.win32_1.0.0.201904181610/tools/bin/../lib/gcc/arm-none-eabi/7.3.1/../../../../arm-none-eabi/lib/thumb/v7e-m/fpv4-sp/hard\libc_nano.a(lib_a-strlen.o)
                0x00000000080002c4                strlen
 *fill*         0x00000000080002d4        0xc 
 .text          0x00000000080002e0       0xa0 c:/st/stm32cubeide_1.1.0/stm32cubeide/plugins/com.st.stm32cube.ide.mcu.externaltools.gnu-tools-for-stm32.7-2018-q2-update.win32_1.0.0.201904181610/tools/bin/../lib/gcc/arm-none-eabi/7.3.1/../../../../arm-none-eabi/lib/thumb/v7e-m/fpv4-sp/hard\libc_nano.a(lib_a-memchr.o)
                0x00000000080002e0                memchr
 .text          0x0000000008000380      0x378 c:/st/stm32cubeide_1.1.0/stm32cubeide/plugins/com.st.stm32cube.ide.mcu.externaltools.gnu-tools-for-stm32.7-2018-q2-update.win32_1.0.0.201904181610/tools/bin/../lib/gcc/arm-none-eabi/7.3.1/thumb/v7e-m/fpv4-sp/hard\libgcc.a(_arm_addsubdf3.o)
                0x0000000008000380                __aeabi_drsub
                0x0000000008000388                __aeabi_dsub
                0x0000000008000388                __subdf3
                0x000000000800038c                __aeabi_dadd
                0x000000000800038c                __adddf3
                0x0000000008000604                __floatunsidf
                0x0000000008000604                __aeabi_ui2d
                0x0000000008000624                __floatsidf
                0x0000000008000624                __aeabi_i2d
                0x0000000008000648                __aeabi_f2d
                0x0000000008000648                __extendsfdf2
                0x000000000800068c                __floatundidf
                0x000000000800068c                __aeabi_ul2d
                0x000000000800069c                __floatdidf
                0x000000000800069c                __aeabi_l2d
 .text          0x00000000080006f8      0x424 c:/st/stm32cubeide_1.1.0/stm32cubeide/plugins/com.st.stm32cube.ide.mcu.externaltools.gnu-tools-for-stm32.7-2018-q2-update.win32_1.0.0.201904181610/tools/bin/../lib/gcc/arm-none-eabi/7.3.1/thumb/v7e-m/fpv4-sp/hard\libgcc.a(_arm_muldivdf3.o)
                0x00000000080006f8                __aeabi_dmul
                0x00000000080006f8                __muldf3
                0x000000000800094c                __divdf3
                0x000000000800094c                __aeabi_ddiv
 .text          0x0000000008000b1c       0xa0 c:/st/stm32cubeide_1.1.0/stm32cubeide/plugins/com.st.stm32cube.ide.mcu.externaltools.gnu-tools-for-stm32.7-2018-q2-update.win32_1.0.0.201904181610/tools/bin/../lib/gcc/arm-none-eabi/7.3.1/thumb/v7e-m/fpv4-sp/hard\libgcc.a(_arm_truncdfsf2.o)
                0x0000000008000b1c                __truncdfsf2
                0x0000000008000b1c                __aeabi_d2f
 .text          0x0000000008000bbc       0x30 c:/st/stm32cubeide_1.1.0/stm32cubeide/plugins/com.st.stm32cube.ide.mcu.externaltools.gnu-tools-for-stm32.7-2018-q2-update.win32_1.0.0.201904181610/tools/bin/../lib/gcc/arm-none-eabi/7.3.1/thumb/v7e-m/fpv4-sp/hard\libgcc.a(_aeabi_uldivmod.o)
                0x0000000008000bbc                __aeabi_uldivmod
 .text          0x0000000008000bec      0x2cc c:/st/stm32cubeide_1.1.0/stm32cubeide/plugins/com.st.stm32cube.ide.mcu.externaltools.gnu-tools-for-stm32.7-2018-q2-update.win32_1.0.0.201904181610/tools/bin/../lib/gcc/arm-none-eabi/7.3.1/thumb/v7e-m/fpv4-sp/hard\libgcc.a(_udivmoddi4.o)
                0x0000000008000bec                __udivmoddi4
 .text          0x0000000008000eb8        0x4 c:/st/stm32cubeide_1.1.0/stm32cubeide/plugins/com.st.stm32cube.ide.mcu.externaltools.gnu-tools-for-stm32.7-2018-q2-update.win32_1.0.0.201904181610/tools/bin/../lib/gcc/arm-none-eabi/7.3.1/thumb/v7e-m/fpv4-sp/hard\libgcc.a(_dvmd_tls.o)
                0x0000000008000eb8                __aeabi_idiv0
                0x0000000008000eb8                __aeabi_ldiv0
 *(.text*)
 .text.acc_hal_integration_get_reference_frequency
                0x0000000008000ebc        0xc Core/Src/acc_hal_integration_single_thread_stm32cube_sparkfun_a111.o
 .text.acc_hal_integration_sensor_transfer
                0x0000000008000ec8       0x40 Core/Src/acc_hal_integration_single_thread_stm32cube_sparkfun_a111.o
 .text.acc_hal_integration_get_current_time
                0x0000000008000f08        0x4 Core/Src/acc_hal_integration_single_thread_stm32cube_sparkfun_a111.o
 .text.acc_hal_integration_wait_for_sensor_interrupt
                0x0000000008000f0c       0x44 Core/Src/acc_hal_integration_single_thread_stm32cube_sparkfun_a111.o
 .text.acc_hal_integration_sensor_power_off
                0x0000000008000f50       0x3c Core/Src/acc_hal_integration_single_thread_stm32cube_sparkfun_a111.o
 .text.acc_hal_integration_sensor_power_on
                0x0000000008000f8c       0x38 Core/Src/acc_hal_integration_single_thread_stm32cube_sparkfun_a111.o
 .text.acc_hal_integration_get_implementation
                0x0000000008000fc4       0x58 Core/Src/acc_hal_integration_single_thread_stm32cube_sparkfun_a111.o
                0x0000000008000fc4                acc_hal_integration_get_implementation
 .text.acc_example_service_power_bins
                0x000000000800101c       0xf0 Core/Src/example_service_power_bins.o
                0x000000000800101c                acc_example_service_power_bins
 .text._write   0x000000000800110c       0x44 Core/Src/main.o
                0x000000000800110c                _write
 .text.SystemClock_Config
                0x0000000008001150       0x94 Core/Src/main.o
                0x0000000008001150                SystemClock_Config
 .text.startup.main
                0x00000000080011e4      0x260 Core/Src/main.o
                0x00000000080011e4                main
 .text.Error_Handler
                0x0000000008001444        0x4 Core/Src/main.o
                0x0000000008001444                Error_Handler
 .text.HAL_MspInit
                0x0000000008001448       0x38 Core/Src/stm32f4xx_hal_msp.o
                0x0000000008001448                HAL_MspInit
 .text.HAL_SPI_MspInit
                0x0000000008001480       0x6c Core/Src/stm32f4xx_hal_msp.o
                0x0000000008001480                HAL_SPI_MspInit
 .text.HAL_TIM_Base_MspInit
                0x00000000080014ec       0x30 Core/Src/stm32f4xx_hal_msp.o
                0x00000000080014ec                HAL_TIM_Base_MspInit
 .text.HAL_TIM_MspPostInit
                0x000000000800151c       0x54 Core/Src/stm32f4xx_hal_msp.o
                0x000000000800151c                HAL_TIM_MspPostInit
 .text.HAL_UART_MspInit
                0x0000000008001570       0xb4 Core/Src/stm32f4xx_hal_msp.o
                0x0000000008001570                HAL_UART_MspInit
 .text.NMI_Handler
                0x0000000008001624        0x4 Core/Src/stm32f4xx_it.o
                0x0000000008001624                NMI_Handler
 .text.HardFault_Handler
                0x0000000008001628        0x4 Core/Src/stm32f4xx_it.o
                0x0000000008001628                HardFault_Handler
 .text.MemManage_Handler
                0x000000000800162c        0x4 Core/Src/stm32f4xx_it.o
                0x000000000800162c                MemManage_Handler
 .text.BusFault_Handler
                0x0000000008001630        0x4 Core/Src/stm32f4xx_it.o
                0x0000000008001630                BusFault_Handler
 .text.UsageFault_Handler
                0x0000000008001634        0x4 Core/Src/stm32f4xx_it.o
                0x0000000008001634                UsageFault_Handler
 .text.SVC_Handler
                0x0000000008001638        0x4 Core/Src/stm32f4xx_it.o
                0x0000000008001638                SVC_Handler
 .text.DebugMon_Handler
                0x000000000800163c        0x4 Core/Src/stm32f4xx_it.o
                0x000000000800163c                DebugMon_Handler
 .text.PendSV_Handler
                0x0000000008001640        0x4 Core/Src/stm32f4xx_it.o
                0x0000000008001640                PendSV_Handler
 .text.SysTick_Handler
                0x0000000008001644        0x4 Core/Src/stm32f4xx_it.o
                0x0000000008001644                SysTick_Handler
 .text.DMA2_Stream7_IRQHandler
                0x0000000008001648        0xc Core/Src/stm32f4xx_it.o
                0x0000000008001648                DMA2_Stream7_IRQHandler
 .text._getpid  0x0000000008001654        0x4 Core/Src/syscalls.o
                0x0000000008001654                _getpid
 .text._kill    0x0000000008001658       0x10 Core/Src/syscalls.o
                0x0000000008001658                _kill
 .text._exit    0x0000000008001668        0xc Core/Src/syscalls.o
                0x0000000008001668                _exit
 .text._read    0x0000000008001674       0x1c Core/Src/syscalls.o
                0x0000000008001674                _read
 .text._close   0x0000000008001690        0x8 Core/Src/syscalls.o
                0x0000000008001690                _close
 .text._fstat   0x0000000008001698        0xc Core/Src/syscalls.o
                0x0000000008001698                _fstat
 .text._isatty  0x00000000080016a4        0x4 Core/Src/syscalls.o
                0x00000000080016a4                _isatty
 .text._lseek   0x00000000080016a8        0x4 Core/Src/syscalls.o
                0x00000000080016a8                _lseek
 .text._sbrk    0x00000000080016ac       0x3c Core/Src/sysmem.o
                0x00000000080016ac                _sbrk
 .text.SystemInit
                0x00000000080016e8       0x1c Core/Src/system_stm32f4xx.o
                0x00000000080016e8                SystemInit
 .text.Reset_Handler
                0x0000000008001704       0x50 Core/Startup/startup_stm32f401cbux.o
                0x0000000008001704                Reset_Handler
 .text.Default_Handler
                0x0000000008001754        0x2 Core/Startup/startup_stm32f401cbux.o
                0x0000000008001754                RTC_Alarm_IRQHandler
                0x0000000008001754                EXTI2_IRQHandler
                0x0000000008001754                SPI4_IRQHandler
                0x0000000008001754                TIM1_CC_IRQHandler
                0x0000000008001754                DMA2_Stream5_IRQHandler
                0x0000000008001754                DMA1_Stream5_IRQHandler
                0x0000000008001754                PVD_IRQHandler
                0x0000000008001754                SDIO_IRQHandler
                0x0000000008001754                TAMP_STAMP_IRQHandler
                0x0000000008001754                EXTI3_IRQHandler
                0x0000000008001754                TIM1_UP_TIM10_IRQHandler
                0x0000000008001754                I2C3_ER_IRQHandler
                0x0000000008001754                EXTI0_IRQHandler
                0x0000000008001754                I2C2_EV_IRQHandler
                0x0000000008001754                DMA1_Stream2_IRQHandler
                0x0000000008001754                FPU_IRQHandler
                0x0000000008001754                DMA2_Stream2_IRQHandler
                0x0000000008001754                SPI1_IRQHandler
                0x0000000008001754                TIM1_BRK_TIM9_IRQHandler
                0x0000000008001754                DMA2_Stream3_IRQHandler
                0x0000000008001754                USART6_IRQHandler
                0x0000000008001754                DMA2_Stream0_IRQHandler
                0x0000000008001754                TIM4_IRQHandler
                0x0000000008001754                I2C1_EV_IRQHandler
                0x0000000008001754                DMA1_Stream6_IRQHandler
                0x0000000008001754                DMA1_Stream1_IRQHandler
                0x0000000008001754                TIM3_IRQHandler
                0x0000000008001754                RCC_IRQHandler
                0x0000000008001754                Default_Handler
                0x0000000008001754                EXTI15_10_IRQHandler
                0x0000000008001754                ADC_IRQHandler
                0x0000000008001754                DMA1_Stream7_IRQHandler
                0x0000000008001754                TIM5_IRQHandler
                0x0000000008001754                I2C3_EV_IRQHandler
                0x0000000008001754                EXTI9_5_IRQHandler
                0x0000000008001754                RTC_WKUP_IRQHandler
                0x0000000008001754                SPI2_IRQHandler
                0x0000000008001754                DMA1_Stream0_IRQHandler
                0x0000000008001754                EXTI4_IRQHandler
                0x0000000008001754                WWDG_IRQHandler
                0x0000000008001754                TIM2_IRQHandler
                0x0000000008001754                OTG_FS_WKUP_IRQHandler
                0x0000000008001754                TIM1_TRG_COM_TIM11_IRQHandler
                0x0000000008001754                EXTI1_IRQHandler
                0x0000000008001754                USART2_IRQHandler
                0x0000000008001754                I2C2_ER_IRQHandler
                0x0000000008001754                DMA2_Stream1_IRQHandler
                0x0000000008001754                FLASH_IRQHandler
                0x0000000008001754                DMA2_Stream4_IRQHandler
                0x0000000008001754                USART1_IRQHandler
                0x0000000008001754                OTG_FS_IRQHandler
                0x0000000008001754                SPI3_IRQHandler
                0x0000000008001754                DMA1_Stream4_IRQHandler
                0x0000000008001754                I2C1_ER_IRQHandler
                0x0000000008001754                DMA2_Stream6_IRQHandler
                0x0000000008001754                DMA1_Stream3_IRQHandler
 *fill*         0x0000000008001756        0x2 
 .text.HAL_InitTick
                0x0000000008001758       0x48 Drivers/STM32F4xx_HAL_Driver/Src/stm32f4xx_hal.o
                0x0000000008001758                HAL_InitTick
 .text.HAL_Init
                0x00000000080017a0       0x34 Drivers/STM32F4xx_HAL_Driver/Src/stm32f4xx_hal.o
                0x00000000080017a0                HAL_Init
 .text.HAL_IncTick
                0x00000000080017d4       0x18 Drivers/STM32F4xx_HAL_Driver/Src/stm32f4xx_hal.o
                0x00000000080017d4                HAL_IncTick
 .text.HAL_GetTick
                0x00000000080017ec        0xc Drivers/STM32F4xx_HAL_Driver/Src/stm32f4xx_hal.o
                0x00000000080017ec                HAL_GetTick
 .text.HAL_Delay
                0x00000000080017f8       0x24 Drivers/STM32F4xx_HAL_Driver/Src/stm32f4xx_hal.o
                0x00000000080017f8                HAL_Delay
 .text.HAL_NVIC_SetPriorityGrouping
                0x000000000800181c       0x24 Drivers/STM32F4xx_HAL_Driver/Src/stm32f4xx_hal_cortex.o
                0x000000000800181c                HAL_NVIC_SetPriorityGrouping
 .text.HAL_NVIC_SetPriority
                0x0000000008001840       0x6c Drivers/STM32F4xx_HAL_Driver/Src/stm32f4xx_hal_cortex.o
                0x0000000008001840                HAL_NVIC_SetPriority
 .text.HAL_NVIC_EnableIRQ
                0x00000000080018ac       0x1c Drivers/STM32F4xx_HAL_Driver/Src/stm32f4xx_hal_cortex.o
                0x00000000080018ac                HAL_NVIC_EnableIRQ
 .text.HAL_SYSTICK_Config
                0x00000000080018c8       0x34 Drivers/STM32F4xx_HAL_Driver/Src/stm32f4xx_hal_cortex.o
                0x00000000080018c8                HAL_SYSTICK_Config
 .text.HAL_DMA_Init
                0x00000000080018fc      0x134 Drivers/STM32F4xx_HAL_Driver/Src/stm32f4xx_hal_dma.o
                0x00000000080018fc                HAL_DMA_Init
 .text.HAL_DMA_IRQHandler
                0x0000000008001a30      0x1ac Drivers/STM32F4xx_HAL_Driver/Src/stm32f4xx_hal_dma.o
                0x0000000008001a30                HAL_DMA_IRQHandler
 .text.HAL_GPIO_Init
                0x0000000008001bdc      0x1ac Drivers/STM32F4xx_HAL_Driver/Src/stm32f4xx_hal_gpio.o
                0x0000000008001bdc                HAL_GPIO_Init
 .text.HAL_GPIO_ReadPin
                0x0000000008001d88        0xc Drivers/STM32F4xx_HAL_Driver/Src/stm32f4xx_hal_gpio.o
                0x0000000008001d88                HAL_GPIO_ReadPin
 .text.HAL_GPIO_WritePin
                0x0000000008001d94        0x8 Drivers/STM32F4xx_HAL_Driver/Src/stm32f4xx_hal_gpio.o
                0x0000000008001d94                HAL_GPIO_WritePin
 .text.HAL_GPIO_TogglePin
                0x0000000008001d9c       0x10 Drivers/STM32F4xx_HAL_Driver/Src/stm32f4xx_hal_gpio.o
                0x0000000008001d9c                HAL_GPIO_TogglePin
 .text.HAL_RCC_OscConfig
                0x0000000008001dac      0x3bc Drivers/STM32F4xx_HAL_Driver/Src/stm32f4xx_hal_rcc.o
                0x0000000008001dac                HAL_RCC_OscConfig
 .text.HAL_RCC_GetSysClockFreq
                0x0000000008002168       0x6c Drivers/STM32F4xx_HAL_Driver/Src/stm32f4xx_hal_rcc.o
                0x0000000008002168                HAL_RCC_GetSysClockFreq
 .text.HAL_RCC_ClockConfig
                0x00000000080021d4      0x13c Drivers/STM32F4xx_HAL_Driver/Src/stm32f4xx_hal_rcc.o
                0x00000000080021d4                HAL_RCC_ClockConfig
 .text.HAL_RCC_GetPCLK1Freq
                0x0000000008002310       0x20 Drivers/STM32F4xx_HAL_Driver/Src/stm32f4xx_hal_rcc.o
                0x0000000008002310                HAL_RCC_GetPCLK1Freq
 .text.HAL_RCC_GetPCLK2Freq
                0x0000000008002330       0x20 Drivers/STM32F4xx_HAL_Driver/Src/stm32f4xx_hal_rcc.o
                0x0000000008002330                HAL_RCC_GetPCLK2Freq
 .text.HAL_SPI_Init
                0x0000000008002350       0x80 Drivers/STM32F4xx_HAL_Driver/Src/stm32f4xx_hal_spi.o
                0x0000000008002350                HAL_SPI_Init
 .text.HAL_SPI_TransmitReceive
                0x00000000080023d0      0x37c Drivers/STM32F4xx_HAL_Driver/Src/stm32f4xx_hal_spi.o
                0x00000000080023d0                HAL_SPI_TransmitReceive
 .text.HAL_TIM_Base_Init
                0x000000000800274c       0xbc Drivers/STM32F4xx_HAL_Driver/Src/stm32f4xx_hal_tim.o
                0x000000000800274c                HAL_TIM_Base_Init
 .text.HAL_TIM_PWM_MspInit
                0x0000000008002808        0x4 Drivers/STM32F4xx_HAL_Driver/Src/stm32f4xx_hal_tim.o
                0x0000000008002808                HAL_TIM_PWM_MspInit
 .text.HAL_TIM_PWM_Init
                0x000000000800280c       0xbc Drivers/STM32F4xx_HAL_Driver/Src/stm32f4xx_hal_tim.o
                0x000000000800280c                HAL_TIM_PWM_Init
 .text.HAL_TIM_PWM_Start
                0x00000000080028c8       0x4c Drivers/STM32F4xx_HAL_Driver/Src/stm32f4xx_hal_tim.o
                0x00000000080028c8                HAL_TIM_PWM_Start
 .text.HAL_TIM_PWM_ConfigChannel
                0x0000000008002914      0x1fc Drivers/STM32F4xx_HAL_Driver/Src/stm32f4xx_hal_tim.o
                0x0000000008002914                HAL_TIM_PWM_ConfigChannel
 .text.HAL_TIM_ConfigClockSource
                0x0000000008002b10      0x14c Drivers/STM32F4xx_HAL_Driver/Src/stm32f4xx_hal_tim.o
                0x0000000008002b10                HAL_TIM_ConfigClockSource
 .text.HAL_TIMEx_MasterConfigSynchronization
                0x0000000008002c5c       0x7c Drivers/STM32F4xx_HAL_Driver/Src/stm32f4xx_hal_tim_ex.o
                0x0000000008002c5c                HAL_TIMEx_MasterConfigSynchronization
 .text.HAL_UART_Init
                0x0000000008002cd8      0x144 Drivers/STM32F4xx_HAL_Driver/Src/stm32f4xx_hal_uart.o
                0x0000000008002cd8                HAL_UART_Init
 .text.acc_rss_activate
                0x0000000008002e1c       0x6c C:\Projects\Radar\A111\STM32F401\stm32cm_cut\rss\lib\libacconeer.a(acc_rss.o)
                0x0000000008002e1c                acc_rss_activate
 .text.acc_rss_deactivate
                0x0000000008002e88       0x38 C:\Projects\Radar\A111\STM32F401\stm32cm_cut\rss\lib\libacconeer.a(acc_rss.o)
                0x0000000008002e88                acc_rss_deactivate
 .text.acc_service_get_base_configuration
                0x0000000008002ec0       0x20 C:\Projects\Radar\A111\STM32F401\stm32cm_cut\rss\lib\libacconeer.a(acc_service.o)
                0x0000000008002ec0                acc_service_get_base_configuration
 .text.acc_service_activate
                0x0000000008002ee0       0x60 C:\Projects\Radar\A111\STM32F401\stm32cm_cut\rss\lib\libacconeer.a(acc_service.o)
                0x0000000008002ee0                acc_service_activate
 .text.acc_service_deactivate
                0x0000000008002f40       0x68 C:\Projects\Radar\A111\STM32F401\stm32cm_cut\rss\lib\libacconeer.a(acc_service.o)
                0x0000000008002f40                acc_service_deactivate
 .text.acc_service_create_sweep_session
                0x0000000008002fa8       0x1c C:\Projects\Radar\A111\STM32F401\stm32cm_cut\rss\lib\libacconeer.a(acc_service.o)
                0x0000000008002fa8                acc_service_create_sweep_session
 .text.acc_service_get_configuration_output
                0x0000000008002fc4        0x8 C:\Projects\Radar\A111\STM32F401\stm32cm_cut\rss\lib\libacconeer.a(acc_service.o)
                0x0000000008002fc4                acc_service_get_configuration_output
 .text.acc_service_destroy_sweep_session
                0x0000000008002fcc        0xc C:\Projects\Radar\A111\STM32F401\stm32cm_cut\rss\lib\libacconeer.a(acc_service.o)
                0x0000000008002fcc                acc_service_destroy_sweep_session
 .text.acc_service_get_next
                0x0000000008002fd8       0xfc C:\Projects\Radar\A111\STM32F401\stm32cm_cut\rss\lib\libacconeer.a(acc_service.o)
                0x0000000008002fd8                acc_service_get_next
 .text.acc_service_send_data
                0x00000000080030d4       0x48 C:\Projects\Radar\A111\STM32F401\stm32cm_cut\rss\lib\libacconeer.a(acc_service.o)
                0x00000000080030d4                acc_service_send_data
 .text.acc_service_set_module_active
                0x000000000800311c        0xc C:\Projects\Radar\A111\STM32F401\stm32cm_cut\rss\lib\libacconeer.a(acc_service.o)
                0x000000000800311c                acc_service_set_module_active
 .text.acc_service_handle_valid
                0x0000000008003128       0x2c C:\Projects\Radar\A111\STM32F401\stm32cm_cut\rss\lib\libacconeer.a(acc_service.o)
                0x0000000008003128                acc_service_handle_valid
 .text.acc_service_configuration_valid
                0x0000000008003154       0x2c C:\Projects\Radar\A111\STM32F401\stm32cm_cut\rss\lib\libacconeer.a(acc_service.o)
                0x0000000008003154                acc_service_configuration_valid
 .text.acc_service_configuration_check
                0x0000000008003180       0x44 C:\Projects\Radar\A111\STM32F401\stm32cm_cut\rss\lib\libacconeer.a(acc_service.o)
                0x0000000008003180                acc_service_configuration_check
 .text.acc_service_profile_set
                0x00000000080031c4       0x24 C:\Projects\Radar\A111\STM32F401\stm32cm_cut\rss\lib\libacconeer.a(acc_service.o)
                0x00000000080031c4                acc_service_profile_set
 .text.acc_service_initialize_service_configuration
                0x00000000080031e8       0x20 C:\Projects\Radar\A111\STM32F401\stm32cm_cut\rss\lib\libacconeer.a(acc_service.o)
                0x00000000080031e8                acc_service_initialize_service_configuration
 .text.acc_service_manager_activate
                0x0000000008003208       0x2c C:\Projects\Radar\A111\STM32F401\stm32cm_cut\rss\lib\libacconeer.a(acc_service_manager.o)
                0x0000000008003208                acc_service_manager_activate
 .text.acc_service_manager_deactivate
                0x0000000008003234       0x18 C:\Projects\Radar\A111\STM32F401\stm32cm_cut\rss\lib\libacconeer.a(acc_service_manager.o)
                0x0000000008003234                acc_service_manager_deactivate
 .text.acc_service_create
                0x000000000800324c       0x34 C:\Projects\Radar\A111\STM32F401\stm32cm_cut\rss\lib\libacconeer.a(acc_service_manager.o)
                0x000000000800324c                acc_service_create
 .text.acc_service_destroy
                0x0000000008003280       0x48 C:\Projects\Radar\A111\STM32F401\stm32cm_cut\rss\lib\libacconeer.a(acc_service_manager.o)
                0x0000000008003280                acc_service_destroy
 .text.sweep_session_send_data
                0x00000000080032c8       0x2c C:\Projects\Radar\A111\STM32F401\stm32cm_cut\rss\lib\libacconeer.a(acc_service_power_bins.o)
 .text.get_power_bins_configuration.part.2
                0x00000000080032f4       0x18 C:\Projects\Radar\A111\STM32F401\stm32cm_cut\rss\lib\libacconeer.a(acc_service_power_bins.o)
 .text.set_configuration_for_profile
                0x000000000800330c       0x64 C:\Projects\Radar\A111\STM32F401\stm32cm_cut\rss\lib\libacconeer.a(acc_service_power_bins.o)
 .text.acc_service_power_bins_configuration_create
                0x0000000008003370      0x100 C:\Projects\Radar\A111\STM32F401\stm32cm_cut\rss\lib\libacconeer.a(acc_service_power_bins.o)
                0x0000000008003370                acc_service_power_bins_configuration_create
 .text.acc_service_power_bins_configuration_destroy
                0x0000000008003470       0x20 C:\Projects\Radar\A111\STM32F401\stm32cm_cut\rss\lib\libacconeer.a(acc_service_power_bins.o)
                0x0000000008003470                acc_service_power_bins_configuration_destroy
 .text.acc_service_power_bins_get_metadata
                0x0000000008003490       0x18 C:\Projects\Radar\A111\STM32F401\stm32cm_cut\rss\lib\libacconeer.a(acc_service_power_bins.o)
                0x0000000008003490                acc_service_power_bins_get_metadata
 .text.acc_service_power_bins_get_next
                0x00000000080034a8       0x30 C:\Projects\Radar\A111\STM32F401\stm32cm_cut\rss\lib\libacconeer.a(acc_service_power_bins.o)
                0x00000000080034a8                acc_service_power_bins_get_next
 .text.acc_service_power_bins_create
                0x00000000080034d8       0xd8 C:\Projects\Radar\A111\STM32F401\stm32cm_cut\rss\lib\libacconeer.a(acc_service_power_bins.o)
                0x00000000080034d8                acc_service_power_bins_create
 .text.acc_service_power_bins_destroy
                0x00000000080035b0        0x4 C:\Projects\Radar\A111\STM32F401\stm32cm_cut\rss\lib\libacconeer.a(acc_service_power_bins.o)
                0x00000000080035b0                acc_service_power_bins_destroy
 .text.acc_session_manager_activate
                0x00000000080035b4       0x14 C:\Projects\Radar\A111\STM32F401\stm32cm_cut\rss\lib\libacconeer.a(acc_session_manager.o)
                0x00000000080035b4                acc_session_manager_activate
 .text.acc_session_manager_deactivate
                0x00000000080035c8        0xc C:\Projects\Radar\A111\STM32F401\stm32cm_cut\rss\lib\libacconeer.a(acc_session_manager.o)
                0x00000000080035c8                acc_session_manager_deactivate
 .text.state_done
                0x00000000080035d4        0x8 C:\Projects\Radar\A111\STM32F401\stm32cm_cut\rss\lib\libacconeer.a(acc_session_sweep_and_processing.o)
 .text.destroy_session
                0x00000000080035dc       0x1c C:\Projects\Radar\A111\STM32F401\stm32cm_cut\rss\lib\libacconeer.a(acc_session_sweep_and_processing.o)
 .text.state_null
                0x00000000080035f8       0x80 C:\Projects\Radar\A111\STM32F401\stm32cm_cut\rss\lib\libacconeer.a(acc_session_sweep_and_processing.o)
 .text.state_busy
                0x0000000008003678       0x6c C:\Projects\Radar\A111\STM32F401\stm32cm_cut\rss\lib\libacconeer.a(acc_session_sweep_and_processing.o)
 .text.acc_session_sweep_and_processing_run
                0x00000000080036e4       0x24 C:\Projects\Radar\A111\STM32F401\stm32cm_cut\rss\lib\libacconeer.a(acc_session_sweep_and_processing.o)
                0x00000000080036e4                acc_session_sweep_and_processing_run
 .text.acc_session_sweep_and_processing_create
                0x0000000008003708       0x78 C:\Projects\Radar\A111\STM32F401\stm32cm_cut\rss\lib\libacconeer.a(acc_session_sweep_and_processing.o)
                0x0000000008003708                acc_session_sweep_and_processing_create
 .text.acc_session_sweep_and_processing_activate
                0x0000000008003780       0x78 C:\Projects\Radar\A111\STM32F401\stm32cm_cut\rss\lib\libacconeer.a(acc_session_sweep_and_processing.o)
                0x0000000008003780                acc_session_sweep_and_processing_activate
 .text.acc_session_sweep_and_processing_deactivate
                0x00000000080037f8       0x60 C:\Projects\Radar\A111\STM32F401\stm32cm_cut\rss\lib\libacconeer.a(acc_session_sweep_and_processing.o)
                0x00000000080037f8                acc_session_sweep_and_processing_deactivate
 .text.acc_session_sweep_and_processing_destroy
                0x0000000008003858       0x60 C:\Projects\Radar\A111\STM32F401\stm32cm_cut\rss\lib\libacconeer.a(acc_session_sweep_and_processing.o)
                0x0000000008003858                acc_session_sweep_and_processing_destroy
 .text.acc_session_sweep_and_processing_get_configuration_output
                0x00000000080038b8        0x8 C:\Projects\Radar\A111\STM32F401\stm32cm_cut\rss\lib\libacconeer.a(acc_session_sweep_and_processing.o)
                0x00000000080038b8                acc_session_sweep_and_processing_get_configuration_output
 .text.acc_session_sweep_and_processing_get_output_type
                0x00000000080038c0        0x8 C:\Projects\Radar\A111\STM32F401\stm32cm_cut\rss\lib\libacconeer.a(acc_session_sweep_and_processing.o)
                0x00000000080038c0                acc_session_sweep_and_processing_get_output_type
 .text.calibrate_sensor
                0x00000000080038c8       0xa0 C:\Projects\Radar\A111\STM32F401\stm32cm_cut\rss\lib\libacconeer.a(acc_sensor_manager.o)
 .text.acc_sensor_manager_activate
                0x0000000008003968       0x94 C:\Projects\Radar\A111\STM32F401\stm32cm_cut\rss\lib\libacconeer.a(acc_sensor_manager.o)
                0x0000000008003968                acc_sensor_manager_activate
 .text.acc_sensor_manager_deactivate
                0x00000000080039fc       0x24 C:\Projects\Radar\A111\STM32F401\stm32cm_cut\rss\lib\libacconeer.a(acc_sensor_manager.o)
                0x00000000080039fc                acc_sensor_manager_deactivate
 .text.acc_sensor_manager_prepare_measurement
                0x0000000008003a20       0xe4 C:\Projects\Radar\A111\STM32F401\stm32cm_cut\rss\lib\libacconeer.a(acc_sensor_manager.o)
                0x0000000008003a20                acc_sensor_manager_prepare_measurement
 .text.acc_sensor_manager_prepare_metadata_only
                0x0000000008003b04        0x4 C:\Projects\Radar\A111\STM32F401\stm32cm_cut\rss\lib\libacconeer.a(acc_sensor_manager.o)
                0x0000000008003b04                acc_sensor_manager_prepare_metadata_only
 .text.acc_sensor_manager_start_measurement
                0x0000000008003b08       0x54 C:\Projects\Radar\A111\STM32F401\stm32cm_cut\rss\lib\libacconeer.a(acc_sensor_manager.o)
                0x0000000008003b08                acc_sensor_manager_start_measurement
 .text.acc_sensor_manager_stop_measurement
                0x0000000008003b5c       0x64 C:\Projects\Radar\A111\STM32F401\stm32cm_cut\rss\lib\libacconeer.a(acc_sensor_manager.o)
                0x0000000008003b5c                acc_sensor_manager_stop_measurement
 .text.acc_sensor_manager_wait_for_adc_output
                0x0000000008003bc0       0xe0 C:\Projects\Radar\A111\STM32F401\stm32cm_cut\rss\lib\libacconeer.a(acc_sensor_manager.o)
                0x0000000008003bc0                acc_sensor_manager_wait_for_adc_output
 .text.acc_sensor_manager_release_measurement
                0x0000000008003ca0       0x24 C:\Projects\Radar\A111\STM32F401\stm32cm_cut\rss\lib\libacconeer.a(acc_sensor_manager.o)
                0x0000000008003ca0                acc_sensor_manager_release_measurement
 .text.acc_sensor_manager_get_configuration_output
                0x0000000008003cc4       0x18 C:\Projects\Radar\A111\STM32F401\stm32cm_cut\rss\lib\libacconeer.a(acc_sensor_manager.o)
                0x0000000008003cc4                acc_sensor_manager_get_configuration_output
 .text.acc_sweep_manager_activate
                0x0000000008003cdc       0x58 C:\Projects\Radar\A111\STM32F401\stm32cm_cut\rss\lib\libacconeer.a(acc_sweep_manager.o)
                0x0000000008003cdc                acc_sweep_manager_activate
 .text.acc_sweep_manager_deactivate
                0x0000000008003d34       0x24 C:\Projects\Radar\A111\STM32F401\stm32cm_cut\rss\lib\libacconeer.a(acc_sweep_manager.o)
                0x0000000008003d34                acc_sweep_manager_deactivate
 .text.acc_sweep_manager_prepare
                0x0000000008003d58       0xdc C:\Projects\Radar\A111\STM32F401\stm32cm_cut\rss\lib\libacconeer.a(acc_sweep_manager.o)
                0x0000000008003d58                acc_sweep_manager_prepare
 .text.acc_sweep_manager_prepare_metadata_only
                0x0000000008003e34       0x28 C:\Projects\Radar\A111\STM32F401\stm32cm_cut\rss\lib\libacconeer.a(acc_sweep_manager.o)
                0x0000000008003e34                acc_sweep_manager_prepare_metadata_only
 .text.acc_sweep_manager_release
                0x0000000008003e5c       0x18 C:\Projects\Radar\A111\STM32F401\stm32cm_cut\rss\lib\libacconeer.a(acc_sweep_manager.o)
                0x0000000008003e5c                acc_sweep_manager_release
 .text.acc_sweep_manager_get_metadata
                0x0000000008003e74        0x4 C:\Projects\Radar\A111\STM32F401\stm32cm_cut\rss\lib\libacconeer.a(acc_sweep_manager.o)
                0x0000000008003e74                acc_sweep_manager_get_metadata
 .text.acc_sweep_manager_get_data_reference
                0x0000000008003e78        0x4 C:\Projects\Radar\A111\STM32F401\stm32cm_cut\rss\lib\libacconeer.a(acc_sweep_manager.o)
                0x0000000008003e78                acc_sweep_manager_get_data_reference
 .text.acc_sweep_manager_is_sensor_connected
                0x0000000008003e7c        0x4 C:\Projects\Radar\A111\STM32F401\stm32cm_cut\rss\lib\libacconeer.a(acc_sweep_manager.o)
                0x0000000008003e7c                acc_sweep_manager_is_sensor_connected
 .text.acc_sweep_manager_calibrate
                0x0000000008003e80        0x8 C:\Projects\Radar\A111\STM32F401\stm32cm_cut\rss\lib\libacconeer.a(acc_sweep_manager.o)
                0x0000000008003e80                acc_sweep_manager_calibrate
 .text.acc_sweep_manager_measure_noise
                0x0000000008003e88       0x20 C:\Projects\Radar\A111\STM32F401\stm32cm_cut\rss\lib\libacconeer.a(acc_sweep_manager.o)
                0x0000000008003e88                acc_sweep_manager_measure_noise
 .text.acc_sweep_manager_get_configuration_output
                0x0000000008003ea8       0x38 C:\Projects\Radar\A111\STM32F401\stm32cm_cut\rss\lib\libacconeer.a(acc_sweep_manager.o)
                0x0000000008003ea8                acc_sweep_manager_get_configuration_output
 .text.acc_sweep_manager_start
                0x0000000008003ee0       0x24 C:\Projects\Radar\A111\STM32F401\stm32cm_cut\rss\lib\libacconeer.a(acc_sweep_manager.o)
                0x0000000008003ee0                acc_sweep_manager_start
 .text.acc_sweep_manager_wait_for_data
                0x0000000008003f04       0xcc C:\Projects\Radar\A111\STM32F401\stm32cm_cut\rss\lib\libacconeer.a(acc_sweep_manager.o)
                0x0000000008003f04                acc_sweep_manager_wait_for_data
 .text.acc_sweep_manager_transfer_data
                0x0000000008003fd0       0x30 C:\Projects\Radar\A111\STM32F401\stm32cm_cut\rss\lib\libacconeer.a(acc_sweep_manager.o)
                0x0000000008003fd0                acc_sweep_manager_transfer_data
 .text.acc_sweep_manager_update_data
                0x0000000008004000       0x14 C:\Projects\Radar\A111\STM32F401\stm32cm_cut\rss\lib\libacconeer.a(acc_sweep_manager.o)
                0x0000000008004000                acc_sweep_manager_update_data
 .text.acc_sweep_manager_stop
                0x0000000008004014       0x14 C:\Projects\Radar\A111\STM32F401\stm32cm_cut\rss\lib\libacconeer.a(acc_sweep_manager.o)
                0x0000000008004014                acc_sweep_manager_stop
 .text.acc_alg_basic_math_q3_12_complex_mul
                0x0000000008004028       0x50 C:\Projects\Radar\A111\STM32F401\stm32cm_cut\rss\lib\libacconeer.a(acc_alg_basic_math.o)
                0x0000000008004028                acc_alg_basic_math_q3_12_complex_mul
 .text.acc_alg_basic_math_q3_12_complex_scalar_abs
                0x0000000008004078       0x68 C:\Projects\Radar\A111\STM32F401\stm32cm_cut\rss\lib\libacconeer.a(acc_alg_basic_math.o)
                0x0000000008004078                acc_alg_basic_math_q3_12_complex_scalar_abs
 .text.acc_alg_basic_math_q3_12_complex_conj_normalize
                0x00000000080040e0       0xb4 C:\Projects\Radar\A111\STM32F401\stm32cm_cut\rss\lib\libacconeer.a(acc_alg_basic_math.o)
                0x00000000080040e0                acc_alg_basic_math_q3_12_complex_conj_normalize
 .text.acc_alg_basic_math_q3_12_sin
                0x0000000008004194       0x28 C:\Projects\Radar\A111\STM32F401\stm32cm_cut\rss\lib\libacconeer.a(acc_alg_basic_math.o)
                0x0000000008004194                acc_alg_basic_math_q3_12_sin
 .text.acc_alg_basic_math_q3_12_cos
                0x00000000080041bc       0x2c C:\Projects\Radar\A111\STM32F401\stm32cm_cut\rss\lib\libacconeer.a(acc_alg_basic_math.o)
                0x00000000080041bc                acc_alg_basic_math_q3_12_cos
 .text.acc_alg_biquad_q3_12_lowpass_coeffs
                0x00000000080041e8      0x324 C:\Projects\Radar\A111\STM32F401\stm32cm_cut\rss\lib\libacconeer.a(acc_alg_biquad_q3_12_coeffs.o)
                0x00000000080041e8                acc_alg_biquad_q3_12_lowpass_coeffs
 .text.acc_alg_biquad_q3_12_complex_direct_form_1_filtfilt
                0x000000000800450c       0x28 C:\Projects\Radar\A111\STM32F401\stm32cm_cut\rss\lib\libacconeer.a(acc_alg_biquad_q3_12_filtfilt.o)
                0x000000000800450c                acc_alg_biquad_q3_12_complex_direct_form_1_filtfilt
 .text.acc_alg_iq_demodulation_q3_12
                0x0000000008004534       0xdc C:\Projects\Radar\A111\STM32F401\stm32cm_cut\rss\lib\libacconeer.a(acc_alg_iq_demodulation.o)
                0x0000000008004534                acc_alg_iq_demodulation_q3_12
 .text.configuration_is_valid.part.0
                0x0000000008004610       0x18 C:\Projects\Radar\A111\STM32F401\stm32cm_cut\rss\lib\libacconeer.a(acc_base_configuration.o)
 .text.acc_base_configuration_sensor_get
                0x0000000008004628       0x14 C:\Projects\Radar\A111\STM32F401\stm32cm_cut\rss\lib\libacconeer.a(acc_base_configuration.o)
                0x0000000008004628                acc_base_configuration_sensor_get
 .text.acc_base_configuration_sensor_set
                0x000000000800463c       0x1c C:\Projects\Radar\A111\STM32F401\stm32cm_cut\rss\lib\libacconeer.a(acc_base_configuration.o)
                0x000000000800463c                acc_base_configuration_sensor_set
 .text.acc_base_configuration_requested_start_get
                0x0000000008004658       0x20 C:\Projects\Radar\A111\STM32F401\stm32cm_cut\rss\lib\libacconeer.a(acc_base_configuration.o)
                0x0000000008004658                acc_base_configuration_requested_start_get
 .text.acc_base_configuration_requested_start_set
                0x0000000008004678       0x24 C:\Projects\Radar\A111\STM32F401\stm32cm_cut\rss\lib\libacconeer.a(acc_base_configuration.o)
                0x0000000008004678                acc_base_configuration_requested_start_set
 .text.acc_base_configuration_requested_length_get
                0x000000000800469c       0x20 C:\Projects\Radar\A111\STM32F401\stm32cm_cut\rss\lib\libacconeer.a(acc_base_configuration.o)
                0x000000000800469c                acc_base_configuration_requested_length_get
 .text.acc_base_configuration_requested_length_set
                0x00000000080046bc       0x24 C:\Projects\Radar\A111\STM32F401\stm32cm_cut\rss\lib\libacconeer.a(acc_base_configuration.o)
                0x00000000080046bc                acc_base_configuration_requested_length_set
 .text.acc_base_configuration_repetition_mode_on_demand_set
                0x00000000080046e0       0x18 C:\Projects\Radar\A111\STM32F401\stm32cm_cut\rss\lib\libacconeer.a(acc_base_configuration.o)
                0x00000000080046e0                acc_base_configuration_repetition_mode_on_demand_set
 .text.acc_base_configuration_power_save_mode_get
                0x00000000080046f8       0x14 C:\Projects\Radar\A111\STM32F401\stm32cm_cut\rss\lib\libacconeer.a(acc_base_configuration.o)
                0x00000000080046f8                acc_base_configuration_power_save_mode_get
 .text.acc_base_configuration_power_save_mode_set
                0x000000000800470c       0x1c C:\Projects\Radar\A111\STM32F401\stm32cm_cut\rss\lib\libacconeer.a(acc_base_configuration.o)
                0x000000000800470c                acc_base_configuration_power_save_mode_set
 .text.acc_base_configuration_tx_disable_get
                0x0000000008004728       0x18 C:\Projects\Radar\A111\STM32F401\stm32cm_cut\rss\lib\libacconeer.a(acc_base_configuration.o)
                0x0000000008004728                acc_base_configuration_tx_disable_get
 .text.acc_base_configuration_tx_disable_set
                0x0000000008004740       0x20 C:\Projects\Radar\A111\STM32F401\stm32cm_cut\rss\lib\libacconeer.a(acc_base_configuration.o)
                0x0000000008004740                acc_base_configuration_tx_disable_set
 .text.acc_base_configuration_decrease_tx_emission_get
                0x0000000008004760       0x18 C:\Projects\Radar\A111\STM32F401\stm32cm_cut\rss\lib\libacconeer.a(acc_base_configuration.o)
                0x0000000008004760                acc_base_configuration_decrease_tx_emission_get
 .text.acc_base_configuration_decrease_tx_emission_set
                0x0000000008004778       0x20 C:\Projects\Radar\A111\STM32F401\stm32cm_cut\rss\lib\libacconeer.a(acc_base_configuration.o)
                0x0000000008004778                acc_base_configuration_decrease_tx_emission_set
 .text.acc_base_configuration_hw_accelerated_average_samples_get
                0x0000000008004798       0x18 C:\Projects\Radar\A111\STM32F401\stm32cm_cut\rss\lib\libacconeer.a(acc_base_configuration.o)
                0x0000000008004798                acc_base_configuration_hw_accelerated_average_samples_get
 .text.acc_base_configuration_hw_accelerated_average_samples_set
                0x00000000080047b0       0x1c C:\Projects\Radar\A111\STM32F401\stm32cm_cut\rss\lib\libacconeer.a(acc_base_configuration.o)
                0x00000000080047b0                acc_base_configuration_hw_accelerated_average_samples_set
 .text.acc_base_configuration_radar_engine_creation_set
                0x00000000080047cc       0x1c C:\Projects\Radar\A111\STM32F401\stm32cm_cut\rss\lib\libacconeer.a(acc_base_configuration.o)
                0x00000000080047cc                acc_base_configuration_radar_engine_creation_set
 .text.acc_base_configuration_pipeline_assembly_set
                0x00000000080047e8       0x1c C:\Projects\Radar\A111\STM32F401\stm32cm_cut\rss\lib\libacconeer.a(acc_base_configuration.o)
                0x00000000080047e8                acc_base_configuration_pipeline_assembly_set
 .text.acc_base_configuration_point_start_get
                0x0000000008004804       0x14 C:\Projects\Radar\A111\STM32F401\stm32cm_cut\rss\lib\libacconeer.a(acc_base_configuration.o)
                0x0000000008004804                acc_base_configuration_point_start_get
 .text.acc_base_configuration_point_length_get
                0x0000000008004818       0x14 C:\Projects\Radar\A111\STM32F401\stm32cm_cut\rss\lib\libacconeer.a(acc_base_configuration.o)
                0x0000000008004818                acc_base_configuration_point_length_get
 .text.acc_base_configuration_repetition_mode_get
                0x000000000800482c       0x14 C:\Projects\Radar\A111\STM32F401\stm32cm_cut\rss\lib\libacconeer.a(acc_base_configuration.o)
                0x000000000800482c                acc_base_configuration_repetition_mode_get
 .text.acc_base_configuration_update_rate_get
                0x0000000008004840       0x38 C:\Projects\Radar\A111\STM32F401\stm32cm_cut\rss\lib\libacconeer.a(acc_base_configuration.o)
                0x0000000008004840                acc_base_configuration_update_rate_get
 .text.acc_base_configuration_sweep_average_get
                0x0000000008004878       0x14 C:\Projects\Radar\A111\STM32F401\stm32cm_cut\rss\lib\libacconeer.a(acc_base_configuration.o)
                0x0000000008004878                acc_base_configuration_sweep_average_get
 .text.acc_base_configuration_sweep_average_set
                0x000000000800488c       0x1c C:\Projects\Radar\A111\STM32F401\stm32cm_cut\rss\lib\libacconeer.a(acc_base_configuration.o)
                0x000000000800488c                acc_base_configuration_sweep_average_set
 .text.acc_base_configuration_gain_get
                0x00000000080048a8       0x14 C:\Projects\Radar\A111\STM32F401\stm32cm_cut\rss\lib\libacconeer.a(acc_base_configuration.o)
                0x00000000080048a8                acc_base_configuration_gain_get
 .text.acc_base_configuration_gain_set
                0x00000000080048bc       0x1c C:\Projects\Radar\A111\STM32F401\stm32cm_cut\rss\lib\libacconeer.a(acc_base_configuration.o)
                0x00000000080048bc                acc_base_configuration_gain_set
 .text.acc_base_configuration_integrator_get
                0x00000000080048d8       0x14 C:\Projects\Radar\A111\STM32F401\stm32cm_cut\rss\lib\libacconeer.a(acc_base_configuration.o)
                0x00000000080048d8                acc_base_configuration_integrator_get
 .text.acc_base_configuration_integrator_set
                0x00000000080048ec       0x1c C:\Projects\Radar\A111\STM32F401\stm32cm_cut\rss\lib\libacconeer.a(acc_base_configuration.o)
                0x00000000080048ec                acc_base_configuration_integrator_set
 .text.acc_base_configuration_wg_duration_get
                0x0000000008004908       0x14 C:\Projects\Radar\A111\STM32F401\stm32cm_cut\rss\lib\libacconeer.a(acc_base_configuration.o)
                0x0000000008004908                acc_base_configuration_wg_duration_get
 .text.acc_base_configuration_wg_duration_set
                0x000000000800491c       0x1c C:\Projects\Radar\A111\STM32F401\stm32cm_cut\rss\lib\libacconeer.a(acc_base_configuration.o)
                0x000000000800491c                acc_base_configuration_wg_duration_set
 .text.acc_base_configuration_integrator_ramp_up_get
                0x0000000008004938       0x14 C:\Projects\Radar\A111\STM32F401\stm32cm_cut\rss\lib\libacconeer.a(acc_base_configuration.o)
                0x0000000008004938                acc_base_configuration_integrator_ramp_up_get
 .text.acc_base_configuration_integrator_ramp_up_set
                0x000000000800494c       0x1c C:\Projects\Radar\A111\STM32F401\stm32cm_cut\rss\lib\libacconeer.a(acc_base_configuration.o)
                0x000000000800494c                acc_base_configuration_integrator_ramp_up_set
 .text.acc_base_configuration_sweep_type_debug_set
                0x0000000008004968       0x20 C:\Projects\Radar\A111\STM32F401\stm32cm_cut\rss\lib\libacconeer.a(acc_base_configuration.o)
                0x0000000008004968                acc_base_configuration_sweep_type_debug_set
 .text.acc_base_configuration_sweep_type_debug_get
                0x0000000008004988       0x18 C:\Projects\Radar\A111\STM32F401\stm32cm_cut\rss\lib\libacconeer.a(acc_base_configuration.o)
                0x0000000008004988                acc_base_configuration_sweep_type_debug_get
 .text.acc_base_configuration_use_point_range_set
                0x00000000080049a0       0x20 C:\Projects\Radar\A111\STM32F401\stm32cm_cut\rss\lib\libacconeer.a(acc_base_configuration.o)
                0x00000000080049a0                acc_base_configuration_use_point_range_set
 .text.acc_base_configuration_use_point_range_get
                0x00000000080049c0       0x18 C:\Projects\Radar\A111\STM32F401\stm32cm_cut\rss\lib\libacconeer.a(acc_base_configuration.o)
                0x00000000080049c0                acc_base_configuration_use_point_range_get
 .text.acc_base_configuration_use_fast_dll_refresh_routine_set
                0x00000000080049d8       0x20 C:\Projects\Radar\A111\STM32F401\stm32cm_cut\rss\lib\libacconeer.a(acc_base_configuration.o)
                0x00000000080049d8                acc_base_configuration_use_fast_dll_refresh_routine_set
 .text.acc_base_configuration_staggered_vga_stabilization_time_set
                0x00000000080049f8       0x1c C:\Projects\Radar\A111\STM32F401\stm32cm_cut\rss\lib\libacconeer.a(acc_base_configuration.o)
                0x00000000080049f8                acc_base_configuration_staggered_vga_stabilization_time_set
 .text.acc_base_configuration_downsampling_factor_get
                0x0000000008004a14       0x18 C:\Projects\Radar\A111\STM32F401\stm32cm_cut\rss\lib\libacconeer.a(acc_base_configuration.o)
                0x0000000008004a14                acc_base_configuration_downsampling_factor_get
 .text.acc_base_configuration_downsampling_factor_set
                0x0000000008004a2c       0x20 C:\Projects\Radar\A111\STM32F401\stm32cm_cut\rss\lib\libacconeer.a(acc_base_configuration.o)
                0x0000000008004a2c                acc_base_configuration_downsampling_factor_set
 .text.acc_base_configuration_noise_level_normalization_get
                0x0000000008004a4c       0x18 C:\Projects\Radar\A111\STM32F401\stm32cm_cut\rss\lib\libacconeer.a(acc_base_configuration.o)
                0x0000000008004a4c                acc_base_configuration_noise_level_normalization_get
 .text.acc_base_configuration_noise_level_normalization_set
                0x0000000008004a64       0x20 C:\Projects\Radar\A111\STM32F401\stm32cm_cut\rss\lib\libacconeer.a(acc_base_configuration.o)
                0x0000000008004a64                acc_base_configuration_noise_level_normalization_set
 .text.acc_base_configuration_print
                0x0000000008004a84      0x178 C:\Projects\Radar\A111\STM32F401\stm32cm_cut\rss\lib\libacconeer.a(acc_base_configuration.o)
                0x0000000008004a84                acc_base_configuration_print
 .text.acc_base_configuration_check
                0x0000000008004bfc       0x7c C:\Projects\Radar\A111\STM32F401\stm32cm_cut\rss\lib\libacconeer.a(acc_base_configuration.o)
                0x0000000008004bfc                acc_base_configuration_check
 .text.acc_integration_register
                0x0000000008004c78       0x6c C:\Projects\Radar\A111\STM32F401\stm32cm_cut\rss\lib\libacconeer.a(acc_integration.o)
                0x0000000008004c78                acc_integration_register
 .text.acc_integration_unregister
                0x0000000008004ce4       0x10 C:\Projects\Radar\A111\STM32F401\stm32cm_cut\rss\lib\libacconeer.a(acc_integration.o)
                0x0000000008004ce4                acc_integration_unregister
 .text.acc_integration_get_sensor_count
                0x0000000008004cf4        0xc C:\Projects\Radar\A111\STM32F401\stm32cm_cut\rss\lib\libacconeer.a(acc_integration.o)
                0x0000000008004cf4                acc_integration_get_sensor_count
 .text.acc_integration_get_sensor_reference_frequency
                0x0000000008004d00        0xc C:\Projects\Radar\A111\STM32F401\stm32cm_cut\rss\lib\libacconeer.a(acc_integration.o)
                0x0000000008004d00                acc_integration_get_sensor_reference_frequency
 .text.acc_integration_get_max_spi_transfer_size
                0x0000000008004d0c        0xc C:\Projects\Radar\A111\STM32F401\stm32cm_cut\rss\lib\libacconeer.a(acc_integration.o)
                0x0000000008004d0c                acc_integration_get_max_spi_transfer_size
 .text.acc_integration_sensor_device_power_on
                0x0000000008004d18        0xc C:\Projects\Radar\A111\STM32F401\stm32cm_cut\rss\lib\libacconeer.a(acc_integration.o)
                0x0000000008004d18                acc_integration_sensor_device_power_on
 .text.acc_integration_sensor_device_power_off
                0x0000000008004d24        0xc C:\Projects\Radar\A111\STM32F401\stm32cm_cut\rss\lib\libacconeer.a(acc_integration.o)
                0x0000000008004d24                acc_integration_sensor_device_power_off
 .text.acc_integration_wait_for_sensor_interrupt
                0x0000000008004d30        0xc C:\Projects\Radar\A111\STM32F401\stm32cm_cut\rss\lib\libacconeer.a(acc_integration.o)
                0x0000000008004d30                acc_integration_wait_for_sensor_interrupt
 .text.acc_integration_sensor_device_transfer
                0x0000000008004d3c        0xc C:\Projects\Radar\A111\STM32F401\stm32cm_cut\rss\lib\libacconeer.a(acc_integration.o)
                0x0000000008004d3c                acc_integration_sensor_device_transfer
 .text.acc_integration_mem_alloc_debug
                0x0000000008004d48       0x2c C:\Projects\Radar\A111\STM32F401\stm32cm_cut\rss\lib\libacconeer.a(acc_integration.o)
                0x0000000008004d48                acc_integration_mem_alloc_debug
 .text.acc_integration_mem_calloc_debug
                0x0000000008004d74       0x48 C:\Projects\Radar\A111\STM32F401\stm32cm_cut\rss\lib\libacconeer.a(acc_integration.o)
                0x0000000008004d74                acc_integration_mem_calloc_debug
 .text.acc_integration_mem_free
                0x0000000008004dbc        0xc C:\Projects\Radar\A111\STM32F401\stm32cm_cut\rss\lib\libacconeer.a(acc_integration.o)
                0x0000000008004dbc                acc_integration_mem_free
 .text.acc_integration_log_level
                0x0000000008004dc8        0xc C:\Projects\Radar\A111\STM32F401\stm32cm_cut\rss\lib\libacconeer.a(acc_integration.o)
                0x0000000008004dc8                acc_integration_log_level
 .text.acc_integration_log
                0x0000000008004dd4        0xc C:\Projects\Radar\A111\STM32F401\stm32cm_cut\rss\lib\libacconeer.a(acc_integration.o)
                0x0000000008004dd4                acc_integration_log
 .text.acc_log_rss
                0x0000000008004de0       0x54 C:\Projects\Radar\A111\STM32F401\stm32cm_cut\rss\lib\libacconeer.a(acc_log_rss.o)
                0x0000000008004de0                acc_log_rss
 .text.acc_probes_execute
                0x0000000008004e34       0x2c C:\Projects\Radar\A111\STM32F401\stm32cm_cut\rss\lib\libacconeer.a(acc_probes.o)
                0x0000000008004e34                acc_probes_execute
 .text.acc_probes_execute_uint16
                0x0000000008004e60       0x30 C:\Projects\Radar\A111\STM32F401\stm32cm_cut\rss\lib\libacconeer.a(acc_probes.o)
                0x0000000008004e60                acc_probes_execute_uint16
 .text.acc_probes_execute_primitive_probe
                0x0000000008004e90       0x2c C:\Projects\Radar\A111\STM32F401\stm32cm_cut\rss\lib\libacconeer.a(acc_probes.o)
                0x0000000008004e90                acc_probes_execute_primitive_probe
 .text.acc_package_power_bins_engine_create
                0x0000000008004ebc        0x4 C:\Projects\Radar\A111\STM32F401\stm32cm_cut\rss\lib\libacconeer.a(acc_package_power_bins.o)
                0x0000000008004ebc                acc_package_power_bins_engine_create
 .text.acc_package_power_bins_pipeline_assemble
                0x0000000008004ec0       0x20 C:\Projects\Radar\A111\STM32F401\stm32cm_cut\rss\lib\libacconeer.a(acc_package_power_bins.o)
                0x0000000008004ec0                acc_package_power_bins_pipeline_assemble
 .text.register_handle
                0x0000000008004ee0       0xac C:\Projects\Radar\A111\STM32F401\stm32cm_cut\rss\lib\libacconeer.a(acc_service_factory.o)
 .text.service_data_timeout_get
                0x0000000008004f8c       0x48 C:\Projects\Radar\A111\STM32F401\stm32cm_cut\rss\lib\libacconeer.a(acc_service_factory.o)
 .text.acc_service_factory_activate
                0x0000000008004fd4       0x24 C:\Projects\Radar\A111\STM32F401\stm32cm_cut\rss\lib\libacconeer.a(acc_service_factory.o)
                0x0000000008004fd4                acc_service_factory_activate
 .text.acc_service_factory_deactivate
                0x0000000008004ff8       0x48 C:\Projects\Radar\A111\STM32F401\stm32cm_cut\rss\lib\libacconeer.a(acc_service_factory.o)
                0x0000000008004ff8                acc_service_factory_deactivate
 .text.acc_service_factory_destroy_service
                0x0000000008005040       0x90 C:\Projects\Radar\A111\STM32F401\stm32cm_cut\rss\lib\libacconeer.a(acc_service_factory.o)
                0x0000000008005040                acc_service_factory_destroy_service
 .text.acc_service_factory_create_service
                0x00000000080050d0      0x224 C:\Projects\Radar\A111\STM32F401\stm32cm_cut\rss\lib\libacconeer.a(acc_service_factory.o)
                0x00000000080050d0                acc_service_factory_create_service
 .text.sweep_session_send_data
                0x00000000080052f4       0x4c C:\Projects\Radar\A111\STM32F401\stm32cm_cut\rss\lib\libacconeer.a(acc_service_iq.o)
 .text.acc_service_iq_create
                0x0000000008005340       0xc0 C:\Projects\Radar\A111\STM32F401\stm32cm_cut\rss\lib\libacconeer.a(acc_service_iq.o)
                0x0000000008005340                acc_service_iq_create
 .text.acc_service_iq_destroy
                0x0000000008005400        0x4 C:\Projects\Radar\A111\STM32F401\stm32cm_cut\rss\lib\libacconeer.a(acc_service_iq.o)
                0x0000000008005400                acc_service_iq_destroy
 .text.sweep_session_send_data
                0x0000000008005404       0x2c C:\Projects\Radar\A111\STM32F401\stm32cm_cut\rss\lib\libacconeer.a(acc_service_sparse.o)
 .text.acc_service_sparse_create
                0x0000000008005430       0xa8 C:\Projects\Radar\A111\STM32F401\stm32cm_cut\rss\lib\libacconeer.a(acc_service_sparse.o)
                0x0000000008005430                acc_service_sparse_create
 .text.acc_service_sparse_destroy
                0x00000000080054d8        0x4 C:\Projects\Radar\A111\STM32F401\stm32cm_cut\rss\lib\libacconeer.a(acc_service_sparse.o)
                0x00000000080054d8                acc_service_sparse_destroy
 .text.output_type
                0x00000000080054dc        0x8 C:\Projects\Radar\A111\STM32F401\stm32cm_cut\rss\lib\libacconeer.a(acc_pipeline_power_bins.o)
 .text.inject_data
                0x00000000080054e4        0x4 C:\Projects\Radar\A111\STM32F401\stm32cm_cut\rss\lib\libacconeer.a(acc_pipeline_power_bins.o)
 .text.produce  0x00000000080054e8       0x28 C:\Projects\Radar\A111\STM32F401\stm32cm_cut\rss\lib\libacconeer.a(acc_pipeline_power_bins.o)
 .text.disassemble
                0x0000000008005510       0x28 C:\Projects\Radar\A111\STM32F401\stm32cm_cut\rss\lib\libacconeer.a(acc_pipeline_power_bins.o)
 .text.acc_pipeline_power_bins_assemble
                0x0000000008005538      0x240 C:\Projects\Radar\A111\STM32F401\stm32cm_cut\rss\lib\libacconeer.a(acc_pipeline_power_bins.o)
                0x0000000008005538                acc_pipeline_power_bins_assemble
 .text.destroy  0x0000000008005778       0x14 C:\Projects\Radar\A111\STM32F401\stm32cm_cut\rss\lib\libacconeer.a(acc_radar_engine_linear.o)
 .text.measure_noise
                0x000000000800578c       0xd4 C:\Projects\Radar\A111\STM32F401\stm32cm_cut\rss\lib\libacconeer.a(acc_radar_engine_linear.o)
 .text.calibrate
                0x0000000008005860       0xb0 C:\Projects\Radar\A111\STM32F401\stm32cm_cut\rss\lib\libacconeer.a(acc_radar_engine_linear.o)
 .text.set_calibration_context
                0x0000000008005910       0xa8 C:\Projects\Radar\A111\STM32F401\stm32cm_cut\rss\lib\libacconeer.a(acc_radar_engine_linear.o)
 .text.stop     0x00000000080059b8       0x18 C:\Projects\Radar\A111\STM32F401\stm32cm_cut\rss\lib\libacconeer.a(acc_radar_engine_linear.o)
 .text.update_data
                0x00000000080059d0       0xbc C:\Projects\Radar\A111\STM32F401\stm32cm_cut\rss\lib\libacconeer.a(acc_radar_engine_linear.o)
 .text.transfer_data
                0x0000000008005a8c       0x40 C:\Projects\Radar\A111\STM32F401\stm32cm_cut\rss\lib\libacconeer.a(acc_radar_engine_linear.o)
 .text.start    0x0000000008005acc       0x34 C:\Projects\Radar\A111\STM32F401\stm32cm_cut\rss\lib\libacconeer.a(acc_radar_engine_linear.o)
 .text.initialize
                0x0000000008005b00      0x1d0 C:\Projects\Radar\A111\STM32F401\stm32cm_cut\rss\lib\libacconeer.a(acc_radar_engine_linear.o)
 .text.acc_radar_engine_linear_create
                0x0000000008005cd0       0xbc C:\Projects\Radar\A111\STM32F401\stm32cm_cut\rss\lib\libacconeer.a(acc_radar_engine_linear.o)
                0x0000000008005cd0                acc_radar_engine_linear_create
 .text.get_dt   0x0000000008005d8c       0x3c C:\Projects\Radar\A111\STM32F401\stm32cm_cut\rss\lib\libacconeer.a(acc_radar_engine_common_sweep_w_dly.o)
 .text.acc_radar_engine_common_sweep_w_dly_initialize_metadata_range
                0x0000000008005dc8      0x784 C:\Projects\Radar\A111\STM32F401\stm32cm_cut\rss\lib\libacconeer.a(acc_radar_engine_common_sweep_w_dly.o)
                0x0000000008005dc8                acc_radar_engine_common_sweep_w_dly_initialize_metadata_range
 .text.acc_radar_engine_common_sweep_w_dly_stitching_required
                0x000000000800654c        0xc C:\Projects\Radar\A111\STM32F401\stm32cm_cut\rss\lib\libacconeer.a(acc_radar_engine_common_sweep_w_dly.o)
                0x000000000800654c                acc_radar_engine_common_sweep_w_dly_stitching_required
 .text.acc_radar_engine_common_get_timeout_us
                0x0000000008006558       0x40 C:\Projects\Radar\A111\STM32F401\stm32cm_cut\rss\lib\libacconeer.a(acc_radar_engine_common.o)
                0x0000000008006558                acc_radar_engine_common_get_timeout_us
 .text.acc_radar_engine_common_frequency_to_main_clk
                0x0000000008006598       0x2c C:\Projects\Radar\A111\STM32F401\stm32cm_cut\rss\lib\libacconeer.a(acc_radar_engine_common.o)
                0x0000000008006598                acc_radar_engine_common_frequency_to_main_clk
 .text.internal_reg_read
                0x00000000080065c4       0x30 C:\Projects\Radar\A111\STM32F401\stm32cm_cut\rss\lib\libacconeer.a(acc_sensor.o)
 .text.internal_buffer_processed_read
                0x00000000080065f4       0xc4 C:\Projects\Radar\A111\STM32F401\stm32cm_cut\rss\lib\libacconeer.a(acc_sensor.o)
 .text.acc_sensor_activate
                0x00000000080066b8       0x90 C:\Projects\Radar\A111\STM32F401\stm32cm_cut\rss\lib\libacconeer.a(acc_sensor.o)
                0x00000000080066b8                acc_sensor_activate
 .text.acc_sensor_deactivate
                0x0000000008006748       0x38 C:\Projects\Radar\A111\STM32F401\stm32cm_cut\rss\lib\libacconeer.a(acc_sensor.o)
                0x0000000008006748                acc_sensor_deactivate
 .text.acc_sensor_reg_read
                0x0000000008006780        0x4 C:\Projects\Radar\A111\STM32F401\stm32cm_cut\rss\lib\libacconeer.a(acc_sensor.o)
                0x0000000008006780                acc_sensor_reg_read
 .text.acc_sensor_reg_write
                0x0000000008006784       0x20 C:\Projects\Radar\A111\STM32F401\stm32cm_cut\rss\lib\libacconeer.a(acc_sensor.o)
                0x0000000008006784                acc_sensor_reg_write
 .text.acc_sensor_reg_field_write
                0x00000000080067a4       0x4c C:\Projects\Radar\A111\STM32F401\stm32cm_cut\rss\lib\libacconeer.a(acc_sensor.o)
                0x00000000080067a4                acc_sensor_reg_field_write
 .text.acc_sensor_conf_read
                0x00000000080067f0       0x88 C:\Projects\Radar\A111\STM32F401\stm32cm_cut\rss\lib\libacconeer.a(acc_sensor.o)
                0x00000000080067f0                acc_sensor_conf_read
 .text.acc_sensor_conf_write_32bit
                0x0000000008006878       0xa0 C:\Projects\Radar\A111\STM32F401\stm32cm_cut\rss\lib\libacconeer.a(acc_sensor.o)
                0x0000000008006878                acc_sensor_conf_write_32bit
 .text.acc_sensor_conf_write_8bit
                0x0000000008006918       0x7c C:\Projects\Radar\A111\STM32F401\stm32cm_cut\rss\lib\libacconeer.a(acc_sensor.o)
                0x0000000008006918                acc_sensor_conf_write_8bit
 .text.acc_sensor_buffer_processed_read
                0x0000000008006994       0x10 C:\Projects\Radar\A111\STM32F401\stm32cm_cut\rss\lib\libacconeer.a(acc_sensor.o)
                0x0000000008006994                acc_sensor_buffer_processed_read
 .text.acc_sensor_get_communication_buffer
                0x00000000080069a4       0x20 C:\Projects\Radar\A111\STM32F401\stm32cm_cut\rss\lib\libacconeer.a(acc_sensor.o)
                0x00000000080069a4                acc_sensor_get_communication_buffer
 .text.acc_sensor_protocol_get_indication_header.part.0
                0x00000000080069c4       0xdc C:\Projects\Radar\A111\STM32F401\stm32cm_cut\rss\lib\libacconeer.a(acc_sensor_protocol.o)
 .text.acc_sensor_protocol_check_asic_id
                0x0000000008006aa0       0x28 C:\Projects\Radar\A111\STM32F401\stm32cm_cut\rss\lib\libacconeer.a(acc_sensor_protocol.o)
                0x0000000008006aa0                acc_sensor_protocol_check_asic_id
 .text.acc_sensor_protocol_is_sensor_running
                0x0000000008006ac8       0x20 C:\Projects\Radar\A111\STM32F401\stm32cm_cut\rss\lib\libacconeer.a(acc_sensor_protocol.o)
                0x0000000008006ac8                acc_sensor_protocol_is_sensor_running
 .text.acc_sensor_protocol_get_communication_buffer
                0x0000000008006ae8        0x4 C:\Projects\Radar\A111\STM32F401\stm32cm_cut\rss\lib\libacconeer.a(acc_sensor_protocol.o)
                0x0000000008006ae8                acc_sensor_protocol_get_communication_buffer
 .text.acc_sensor_protocol_load_program
                0x0000000008006aec       0xd4 C:\Projects\Radar\A111\STM32F401\stm32cm_cut\rss\lib\libacconeer.a(acc_sensor_protocol.o)
                0x0000000008006aec                acc_sensor_protocol_load_program
 .text.acc_sensor_protocol_clear_resources
                0x0000000008006bc0        0x8 C:\Projects\Radar\A111\STM32F401\stm32cm_cut\rss\lib\libacconeer.a(acc_sensor_protocol.o)
                0x0000000008006bc0                acc_sensor_protocol_clear_resources
 .text.acc_sensor_protocol_run_program
                0x0000000008006bc8       0x80 C:\Projects\Radar\A111\STM32F401\stm32cm_cut\rss\lib\libacconeer.a(acc_sensor_protocol.o)
                0x0000000008006bc8                acc_sensor_protocol_run_program
 .text.acc_sensor_protocol_try_get_indication
                0x0000000008006c48       0xb0 C:\Projects\Radar\A111\STM32F401\stm32cm_cut\rss\lib\libacconeer.a(acc_sensor_protocol.o)
                0x0000000008006c48                acc_sensor_protocol_try_get_indication
 .text.acc_sensor_protocol_get_indication_payload
                0x0000000008006cf8      0x10c C:\Projects\Radar\A111\STM32F401\stm32cm_cut\rss\lib\libacconeer.a(acc_sensor_protocol.o)
                0x0000000008006cf8                acc_sensor_protocol_get_indication_payload
 .text.acc_sensor_protocol_respond_to_indication
                0x0000000008006e04       0x40 C:\Projects\Radar\A111\STM32F401\stm32cm_cut\rss\lib\libacconeer.a(acc_sensor_protocol.o)
                0x0000000008006e04                acc_sensor_protocol_respond_to_indication
 .text.acc_sensor_protocol_terminate_program
                0x0000000008006e44       0x54 C:\Projects\Radar\A111\STM32F401\stm32cm_cut\rss\lib\libacconeer.a(acc_sensor_protocol.o)
                0x0000000008006e44                acc_sensor_protocol_terminate_program
 .text.acc_sensor_protocol_stop
                0x0000000008006e98       0xe8 C:\Projects\Radar\A111\STM32F401\stm32cm_cut\rss\lib\libacconeer.a(acc_sensor_protocol.o)
                0x0000000008006e98                acc_sensor_protocol_stop
 .text.acc_sensor_protocol_low_power_stop
                0x0000000008006f80       0xe0 C:\Projects\Radar\A111\STM32F401\stm32cm_cut\rss\lib\libacconeer.a(acc_sensor_protocol.o)
                0x0000000008006f80                acc_sensor_protocol_low_power_stop
 .text.acc_sensor_protocol_get_error_message
                0x0000000008007060       0x1c C:\Projects\Radar\A111\STM32F401\stm32cm_cut\rss\lib\libacconeer.a(acc_sensor_protocol.o)
                0x0000000008007060                acc_sensor_protocol_get_error_message
 .text.acc_utils_swap16_array
                0x000000000800707c       0x14 C:\Projects\Radar\A111\STM32F401\stm32cm_cut\rss\lib\libacconeer.a(acc_utils.o)
                0x000000000800707c                acc_utils_swap16_array
 .text.acc_utils_swap32_array
                0x0000000008007090       0x14 C:\Projects\Radar\A111\STM32F401\stm32cm_cut\rss\lib\libacconeer.a(acc_utils.o)
                0x0000000008007090                acc_utils_swap32_array
 .text.acc_utils_uint8_to_uint32_swap
                0x00000000080070a4        0x8 C:\Projects\Radar\A111\STM32F401\stm32cm_cut\rss\lib\libacconeer.a(acc_utils.o)
                0x00000000080070a4                acc_utils_uint8_to_uint32_swap
 .text.acc_utils_uint32_to_uint8_swap
                0x00000000080070ac        0x8 C:\Projects\Radar\A111\STM32F401\stm32cm_cut\rss\lib\libacconeer.a(acc_utils.o)
                0x00000000080070ac                acc_utils_uint32_to_uint8_swap
 .text.sweep_session_send_data
                0x00000000080070b4       0x2c C:\Projects\Radar\A111\STM32F401\stm32cm_cut\rss\lib\libacconeer.a(acc_service_envelope.o)
 .text.acc_service_envelope_create
                0x00000000080070e0       0xb0 C:\Projects\Radar\A111\STM32F401\stm32cm_cut\rss\lib\libacconeer.a(acc_service_envelope.o)
                0x00000000080070e0                acc_service_envelope_create
 .text.acc_service_envelope_destroy
                0x0000000008007190        0x4 C:\Projects\Radar\A111\STM32F401\stm32cm_cut\rss\lib\libacconeer.a(acc_service_envelope.o)
                0x0000000008007190                acc_service_envelope_destroy
 .text.event    0x0000000008007194       0x10 C:\Projects\Radar\A111\STM32F401\stm32cm_cut\rss\lib\libacconeer.a(acc_element_crop.o)
 .text.reset    0x00000000080071a4        0x8 C:\Projects\Radar\A111\STM32F401\stm32cm_cut\rss\lib\libacconeer.a(acc_element_crop.o)
 .text.validate
                0x00000000080071ac       0x38 C:\Projects\Radar\A111\STM32F401\stm32cm_cut\rss\lib\libacconeer.a(acc_element_crop.o)
 .text.acc_element_crop_init
                0x00000000080071e4       0x2c C:\Projects\Radar\A111\STM32F401\stm32cm_cut\rss\lib\libacconeer.a(acc_element_crop.o)
                0x00000000080071e4                acc_element_crop_init
 .text.noise_level_normalization_u16
                0x0000000008007210       0x30 C:\Projects\Radar\A111\STM32F401\stm32cm_cut\rss\lib\libacconeer.a(acc_element_noise_level_normalization.o)
 .text.event    0x0000000008007240       0x1c C:\Projects\Radar\A111\STM32F401\stm32cm_cut\rss\lib\libacconeer.a(acc_element_noise_level_normalization.o)
 .text.reset    0x000000000800725c        0x8 C:\Projects\Radar\A111\STM32F401\stm32cm_cut\rss\lib\libacconeer.a(acc_element_noise_level_normalization.o)
 .text.validate
                0x0000000008007264       0x38 C:\Projects\Radar\A111\STM32F401\stm32cm_cut\rss\lib\libacconeer.a(acc_element_noise_level_normalization.o)
 .text.acc_element_noise_level_normalization_init
                0x000000000800729c       0x54 C:\Projects\Radar\A111\STM32F401\stm32cm_cut\rss\lib\libacconeer.a(acc_element_noise_level_normalization.o)
                0x000000000800729c                acc_element_noise_level_normalization_init
 .text.reset    0x00000000080072f0        0x8 C:\Projects\Radar\A111\STM32F401\stm32cm_cut\rss\lib\libacconeer.a(acc_element_power_bins.o)
 .text.validate
                0x00000000080072f8       0x38 C:\Projects\Radar\A111\STM32F401\stm32cm_cut\rss\lib\libacconeer.a(acc_element_power_bins.o)
 .text.event    0x0000000008007330       0x34 C:\Projects\Radar\A111\STM32F401\stm32cm_cut\rss\lib\libacconeer.a(acc_element_power_bins.o)
 .text.acc_element_power_bins_init
                0x0000000008007364       0x24 C:\Projects\Radar\A111\STM32F401\stm32cm_cut\rss\lib\libacconeer.a(acc_element_power_bins.o)
                0x0000000008007364                acc_element_power_bins_init
 .text.saturation_check_u16
                0x0000000008007388       0x74 C:\Projects\Radar\A111\STM32F401\stm32cm_cut\rss\lib\libacconeer.a(acc_element_saturation_check.o)
 .text.event    0x00000000080073fc       0x24 C:\Projects\Radar\A111\STM32F401\stm32cm_cut\rss\lib\libacconeer.a(acc_element_saturation_check.o)
 .text.reset    0x0000000008007420        0x8 C:\Projects\Radar\A111\STM32F401\stm32cm_cut\rss\lib\libacconeer.a(acc_element_saturation_check.o)
 .text.validate
                0x0000000008007428       0x38 C:\Projects\Radar\A111\STM32F401\stm32cm_cut\rss\lib\libacconeer.a(acc_element_saturation_check.o)
 .text.acc_element_saturation_check_init
                0x0000000008007460       0x54 C:\Projects\Radar\A111\STM32F401\stm32cm_cut\rss\lib\libacconeer.a(acc_element_saturation_check.o)
                0x0000000008007460                acc_element_saturation_check_init
 .text.consume  0x00000000080074b4       0x1c C:\Projects\Radar\A111\STM32F401\stm32cm_cut\rss\lib\libacconeer.a(acc_element_sink_callback.o)
 .text.reset    0x00000000080074d0        0x4 C:\Projects\Radar\A111\STM32F401\stm32cm_cut\rss\lib\libacconeer.a(acc_element_sink_callback.o)
 .text.validate
                0x00000000080074d4       0x48 C:\Projects\Radar\A111\STM32F401\stm32cm_cut\rss\lib\libacconeer.a(acc_element_sink_callback.o)
 .text.acc_element_sink_callback_init
                0x000000000800751c       0x24 C:\Projects\Radar\A111\STM32F401\stm32cm_cut\rss\lib\libacconeer.a(acc_element_sink_callback.o)
                0x000000000800751c                acc_element_sink_callback_init
 .text.acc_element_source_adc_init
                0x0000000008007540       0x40 C:\Projects\Radar\A111\STM32F401\stm32cm_cut\rss\lib\libacconeer.a(acc_element_source_adc.o)
                0x0000000008007540                acc_element_source_adc_init
 .text.acc_element_source_adc_release
                0x0000000008007580        0xc C:\Projects\Radar\A111\STM32F401\stm32cm_cut\rss\lib\libacconeer.a(acc_element_source_adc.o)
                0x0000000008007580                acc_element_source_adc_release
 .text.acc_element_source_adc_reset
                0x000000000800758c        0x8 C:\Projects\Radar\A111\STM32F401\stm32cm_cut\rss\lib\libacconeer.a(acc_element_source_adc.o)
                0x000000000800758c                acc_element_source_adc_reset
 .text.acc_element_source_adc_validate
                0x0000000008007594        0x8 C:\Projects\Radar\A111\STM32F401\stm32cm_cut\rss\lib\libacconeer.a(acc_element_source_adc.o)
                0x0000000008007594                acc_element_source_adc_validate
 .text.acc_element_source_adc_produce
                0x000000000800759c       0xbc C:\Projects\Radar\A111\STM32F401\stm32cm_cut\rss\lib\libacconeer.a(acc_element_source_adc.o)
                0x000000000800759c                acc_element_source_adc_produce
 .text.acc_element_source_adc_inject_data
                0x0000000008007658       0x1c C:\Projects\Radar\A111\STM32F401\stm32cm_cut\rss\lib\libacconeer.a(acc_element_source_adc.o)
                0x0000000008007658                acc_element_source_adc_inject_data
 .text.acc_element_sizeof
                0x0000000008007674       0x18 C:\Projects\Radar\A111\STM32F401\stm32cm_cut\rss\lib\libacconeer.a(acc_element.o)
                0x0000000008007674                acc_element_sizeof
 .text.acc_element_connect
                0x000000000800768c        0x4 C:\Projects\Radar\A111\STM32F401\stm32cm_cut\rss\lib\libacconeer.a(acc_element.o)
                0x000000000800768c                acc_element_connect
 .text.acc_cpd_area_calibration_calculate_area_settings
                0x0000000008007690       0x68 C:\Projects\Radar\A111\STM32F401\stm32cm_cut\rss\lib\libacconeer.a(acc_cpd_area_calibration_area_settings.o)
                0x0000000008007690                acc_cpd_area_calibration_calculate_area_settings
 .text.acc_cpd_cbank_calibration
                0x00000000080076f8      0x1a4 C:\Projects\Radar\A111\STM32F401\stm32cm_cut\rss\lib\libacconeer.a(acc_cpd_cbank_calibration.o)
                0x00000000080076f8                acc_cpd_cbank_calibration
 .text.acc_cpd_dll_calibration
                0x000000000800789c      0x2b0 C:\Projects\Radar\A111\STM32F401\stm32cm_cut\rss\lib\libacconeer.a(acc_cpd_dll_calibration.o)
                0x000000000800789c                acc_cpd_dll_calibration
 .text.acc_cpd_dly_coarse_calibration
                0x0000000008007b4c      0x264 C:\Projects\Radar\A111\STM32F401\stm32cm_cut\rss\lib\libacconeer.a(acc_cpd_dly_coarse_calibration.o)
                0x0000000008007b4c                acc_cpd_dly_coarse_calibration
 .text.acc_cpd_linear_sweep_load_program
                0x0000000008007db0      0x414 C:\Projects\Radar\A111\STM32F401\stm32cm_cut\rss\lib\libacconeer.a(acc_cpd_linear_sweep.o)
                0x0000000008007db0                acc_cpd_linear_sweep_load_program
 .text.acc_cpd_linear_sweep_run_program
                0x00000000080081c4       0x1c C:\Projects\Radar\A111\STM32F401\stm32cm_cut\rss\lib\libacconeer.a(acc_cpd_linear_sweep.o)
                0x00000000080081c4                acc_cpd_linear_sweep_run_program
 .text.acc_cpd_linear_sweep_update_program
                0x00000000080081e0       0x6c C:\Projects\Radar\A111\STM32F401\stm32cm_cut\rss\lib\libacconeer.a(acc_cpd_linear_sweep.o)
                0x00000000080081e0                acc_cpd_linear_sweep_update_program
 .text.acc_cpd_linear_sweep_transfer_data
                0x000000000800824c       0x18 C:\Projects\Radar\A111\STM32F401\stm32cm_cut\rss\lib\libacconeer.a(acc_cpd_linear_sweep.o)
                0x000000000800824c                acc_cpd_linear_sweep_transfer_data
 .text.acc_cpd_linear_sweep_sensor_continue
                0x0000000008008264       0x24 C:\Projects\Radar\A111\STM32F401\stm32cm_cut\rss\lib\libacconeer.a(acc_cpd_linear_sweep.o)
                0x0000000008008264                acc_cpd_linear_sweep_sensor_continue
 .text.acc_cpd_linear_sweep_stop
                0x0000000008008288        0x4 C:\Projects\Radar\A111\STM32F401\stm32cm_cut\rss\lib\libacconeer.a(acc_cpd_linear_sweep.o)
                0x0000000008008288                acc_cpd_linear_sweep_stop
 .text.acc_cpd_linear_sweep_low_power_stop
                0x000000000800828c        0x4 C:\Projects\Radar\A111\STM32F401\stm32cm_cut\rss\lib\libacconeer.a(acc_cpd_linear_sweep.o)
                0x000000000800828c                acc_cpd_linear_sweep_low_power_stop
 .text.acc_cpd_pll_divisors_calculate
                0x0000000008008290      0x150 C:\Projects\Radar\A111\STM32F401\stm32cm_cut\rss\lib\libacconeer.a(acc_cpd_pll_divisors.o)
                0x0000000008008290                acc_cpd_pll_divisors_calculate
 .text.acc_cpd_rx_fine_dip_calibration
                0x00000000080083e0      0x214 C:\Projects\Radar\A111\STM32F401\stm32cm_cut\rss\lib\libacconeer.a(acc_cpd_rx_fine_dip_calibration.o)
                0x00000000080083e0                acc_cpd_rx_fine_dip_calibration
 .text.print_buffer_u16.constprop.2
                0x00000000080085f4      0x134 C:\Projects\Radar\A111\STM32F401\stm32cm_cut\rss\lib\libacconeer.a(acc_sensor_diagnostics.o)
 .text.acc_sensor_diagnostics_print_buffer_u16
                0x0000000008008728       0x10 C:\Projects\Radar\A111\STM32F401\stm32cm_cut\rss\lib\libacconeer.a(acc_sensor_diagnostics.o)
                0x0000000008008728                acc_sensor_diagnostics_print_buffer_u16
 .text.acc_sensor_diagnostics_print_buffer_bool
                0x0000000008008738       0x5c C:\Projects\Radar\A111\STM32F401\stm32cm_cut\rss\lib\libacconeer.a(acc_sensor_diagnostics.o)
                0x0000000008008738                acc_sensor_diagnostics_print_buffer_bool
 .text.acc_sensor_diagnostics_print_buffer_f32
                0x0000000008008794      0x138 C:\Projects\Radar\A111\STM32F401\stm32cm_cut\rss\lib\libacconeer.a(acc_sensor_diagnostics.o)
                0x0000000008008794                acc_sensor_diagnostics_print_buffer_f32
 .text.acc_sensor_diagnostics_sensor_status
                0x00000000080088cc      0x3b4 C:\Projects\Radar\A111\STM32F401\stm32cm_cut\rss\lib\libacconeer.a(acc_sensor_diagnostics.o)
                0x00000000080088cc                acc_sensor_diagnostics_sensor_status
 .text.acc_alg_basic_subtract_mean_uint16.part.0
                0x0000000008008c80       0x78 C:\Projects\Radar\A111\STM32F401\stm32cm_cut\rss\lib\libacconeer.a(acc_alg_basic_subtract_mean.o)
 .text.acc_alg_basic_subtract_mean_uint16
                0x0000000008008cf8       0x14 C:\Projects\Radar\A111\STM32F401\stm32cm_cut\rss\lib\libacconeer.a(acc_alg_basic_subtract_mean.o)
                0x0000000008008cf8                acc_alg_basic_subtract_mean_uint16
 .text.acc_alg_power_bins
                0x0000000008008d0c       0x9c C:\Projects\Radar\A111\STM32F401\stm32cm_cut\rss\lib\libacconeer.a(acc_alg_power_bins.o)
                0x0000000008008d0c                acc_alg_power_bins
 .text.acc_confprogram_modify_bin_sensor
                0x0000000008008da8       0x70 C:\Projects\Radar\A111\STM32F401\stm32cm_cut\rss\lib\libacconeer.a(acc_confprogram.o)
                0x0000000008008da8                acc_confprogram_modify_bin_sensor
 .text.acc_confprogram_modify_bin
                0x0000000008008e18       0x4c C:\Projects\Radar\A111\STM32F401\stm32cm_cut\rss\lib\libacconeer.a(acc_confprogram.o)
                0x0000000008008e18                acc_confprogram_modify_bin
 .text.acc_confprogram_modify_runif_sensor
                0x0000000008008e64       0x8c C:\Projects\Radar\A111\STM32F401\stm32cm_cut\rss\lib\libacconeer.a(acc_confprogram.o)
                0x0000000008008e64                acc_confprogram_modify_runif_sensor
 .text.acc_confprogram_modify_runif
                0x0000000008008ef0       0x60 C:\Projects\Radar\A111\STM32F401\stm32cm_cut\rss\lib\libacconeer.a(acc_confprogram.o)
                0x0000000008008ef0                acc_confprogram_modify_runif
 .text.acc_confprogram_patch
                0x0000000008008f50       0xd8 C:\Projects\Radar\A111\STM32F401\stm32cm_cut\rss\lib\libacconeer.a(acc_confprogram.o)
                0x0000000008008f50                acc_confprogram_patch
 .text.acc_confprogram_live_patch
                0x0000000008009028      0x104 C:\Projects\Radar\A111\STM32F401\stm32cm_cut\rss\lib\libacconeer.a(acc_confprogram.o)
                0x0000000008009028                acc_confprogram_live_patch
 .text.acc_confprogram_get_default_value
                0x000000000800912c        0xc C:\Projects\Radar\A111\STM32F401\stm32cm_cut\rss\lib\libacconeer.a(acc_confprogram.o)
                0x000000000800912c                acc_confprogram_get_default_value
 .text.run_area_calibration
                0x0000000008009138      0x488 C:\Projects\Radar\A111\STM32F401\stm32cm_cut\rss\lib\libacconeer.a(acc_cpd_area_calibration.o)
 .text.acc_cpd_area_calibration
                0x00000000080095c0      0x108 C:\Projects\Radar\A111\STM32F401\stm32cm_cut\rss\lib\libacconeer.a(acc_cpd_area_calibration.o)
                0x00000000080095c0                acc_cpd_area_calibration
 .text.acc_alg_dly_coarse_priority_sort
                0x00000000080096c8       0xd0 C:\Projects\Radar\A111\STM32F401\stm32cm_cut\rss\lib\libacconeer.a(acc_alg_dly_coarse_priority_sort.o)
                0x00000000080096c8                acc_alg_dly_coarse_priority_sort
 .text.acc_alg_plateau_finder
                0x0000000008009798      0x42c C:\Projects\Radar\A111\STM32F401\stm32cm_cut\rss\lib\libacconeer.a(acc_alg_plateau_finder.o)
                0x0000000008009798                acc_alg_plateau_finder
 .text.acc_alg_basic_energy
                0x0000000008009bc4       0x5c C:\Projects\Radar\A111\STM32F401\stm32cm_cut\rss\lib\libacconeer.a(acc_alg_basic_energy.o)
                0x0000000008009bc4                acc_alg_basic_energy
 .text.acc_alg_filter_gauss_mask
                0x0000000008009c20      0x130 C:\Projects\Radar\A111\STM32F401\stm32cm_cut\rss\lib\libacconeer.a(acc_alg_filter_gauss_mask.o)
                0x0000000008009c20                acc_alg_filter_gauss_mask
 .text.frequency_energy_ratio
                0x0000000008009d50      0x1cc C:\Projects\Radar\A111\STM32F401\stm32cm_cut\rss\lib\libacconeer.a(acc_alg_area_check_center_frequency.o)
 .text.acc_alg_area_check_center_frequency
                0x0000000008009f1c       0x74 C:\Projects\Radar\A111\STM32F401\stm32cm_cut\rss\lib\libacconeer.a(acc_alg_area_check_center_frequency.o)
                0x0000000008009f1c                acc_alg_area_check_center_frequency
 .text.acc_alg_area_selection
                0x0000000008009f90      0x154 C:\Projects\Radar\A111\STM32F401\stm32cm_cut\rss\lib\libacconeer.a(acc_alg_area_selection.o)
                0x0000000008009f90                acc_alg_area_selection
 .text.acc_alg_phase_estimation_q3_12
                0x000000000800a0e4       0xa8 C:\Projects\Radar\A111\STM32F401\stm32cm_cut\rss\lib\libacconeer.a(acc_alg_phase_estimation.o)
                0x000000000800a0e4                acc_alg_phase_estimation_q3_12
 .text.acc_alg_phase_compensation_q3_12
                0x000000000800a18c       0x20 C:\Projects\Radar\A111\STM32F401\stm32cm_cut\rss\lib\libacconeer.a(acc_alg_phase_compensation.o)
                0x000000000800a18c                acc_alg_phase_compensation_q3_12
 .text.__assert_func
                0x000000000800a1ac       0x3c c:/st/stm32cubeide_1.1.0/stm32cubeide/plugins/com.st.stm32cube.ide.mcu.externaltools.gnu-tools-for-stm32.7-2018-q2-update.win32_1.0.0.201904181610/tools/bin/../lib/gcc/arm-none-eabi/7.3.1/../../../../arm-none-eabi/lib/thumb/v7e-m/fpv4-sp/hard\libc_nano.a(lib_a-assert.o)
                0x000000000800a1ac                __assert_func
 .text.__errno  0x000000000800a1e8        0xc c:/st/stm32cubeide_1.1.0/stm32cubeide/plugins/com.st.stm32cube.ide.mcu.externaltools.gnu-tools-for-stm32.7-2018-q2-update.win32_1.0.0.201904181610/tools/bin/../lib/gcc/arm-none-eabi/7.3.1/../../../../arm-none-eabi/lib/thumb/v7e-m/fpv4-sp/hard\libc_nano.a(lib_a-errno.o)
                0x000000000800a1e8                __errno
 .text.fprintf  0x000000000800a1f4       0x24 c:/st/stm32cubeide_1.1.0/stm32cubeide/plugins/com.st.stm32cube.ide.mcu.externaltools.gnu-tools-for-stm32.7-2018-q2-update.win32_1.0.0.201904181610/tools/bin/../lib/gcc/arm-none-eabi/7.3.1/../../../../arm-none-eabi/lib/thumb/v7e-m/fpv4-sp/hard\libc_nano.a(lib_a-fprintf.o)
                0x000000000800a1f4                fiprintf
                0x000000000800a1f4                fprintf
 .text.__libc_init_array
                0x000000000800a218       0x48 c:/st/stm32cubeide_1.1.0/stm32cubeide/plugins/com.st.stm32cube.ide.mcu.externaltools.gnu-tools-for-stm32.7-2018-q2-update.win32_1.0.0.201904181610/tools/bin/../lib/gcc/arm-none-eabi/7.3.1/../../../../arm-none-eabi/lib/thumb/v7e-m/fpv4-sp/hard\libc_nano.a(lib_a-init.o)
                0x000000000800a218                __libc_init_array