acc_hal_integration_single_thread_stm32cube_sparkfun_a111.c:68:13:acc_hal_integration_sleep_us	24	static
acc_hal_integration_single_thread_stm32cube_sparkfun_a111.c:76:13:acc_hal_integration_sensor_transfer	40	static
acc_hal_integration_single_thread_stm32cube_sparkfun_a111.c:88:13:acc_hal_integration_sensor_power_on	16	static
acc_hal_integration_single_thread_stm32cube_sparkfun_a111.c:107:13:acc_hal_integration_sensor_power_off	16	static
acc_hal_integration_single_thread_stm32cube_sparkfun_a111.c:127:13:acc_hal_integration_wait_for_sensor_interrupt	24	static,ignoring_inline_asm
acc_hal_integration_single_thread_stm32cube_sparkfun_a111.c:147:14:acc_hal_integration_get_reference_frequency	4	static
acc_hal_integration_single_thread_stm32cube_sparkfun_a111.c:153:17:acc_hal_integration_get_current_time	8	static
acc_hal_integration_single_thread_stm32cube_sparkfun_a111.c:159:13:acc_hal_integration_log	80	static
acc_hal_integration_single_thread_stm32cube_sparkfun_a111.c:176:11:acc_hal_integration_get_implementation	72	static
